Archive member included to satisfy reference by file (symbol)

c:/program files (x86)/gnu arm embedded toolchain/10 2021.10/bin/../lib/gcc/arm-none-eabi/10.3.1/thumb/v7e-m+fp/hard\libgcc.a(unwind-arm.o)
                              C:/Users/Kuju/Projects/PlaydateJai/example/.build/pdex_0_w3_no_opt.o (__aeabi_unwind_cpp_pr0)
c:/program files (x86)/gnu arm embedded toolchain/10 2021.10/bin/../lib/gcc/arm-none-eabi/10.3.1/thumb/v7e-m+fp/hard\libgcc.a(libunwind.o)
                              c:/program files (x86)/gnu arm embedded toolchain/10 2021.10/bin/../lib/gcc/arm-none-eabi/10.3.1/thumb/v7e-m+fp/hard\libgcc.a(unwind-arm.o) (restore_core_regs)
c:/program files (x86)/gnu arm embedded toolchain/10 2021.10/bin/../lib/gcc/arm-none-eabi/10.3.1/thumb/v7e-m+fp/hard\libgcc.a(pr-support.o)
                              c:/program files (x86)/gnu arm embedded toolchain/10 2021.10/bin/../lib/gcc/arm-none-eabi/10.3.1/thumb/v7e-m+fp/hard\libgcc.a(unwind-arm.o) (__gnu_unwind_execute)
c:/program files (x86)/gnu arm embedded toolchain/10 2021.10/bin/../lib/gcc/arm-none-eabi/10.3.1/../../../../arm-none-eabi/lib/thumb/v7e-m+fp/hard\libc.a(lib_a-abort.o)
                              c:/program files (x86)/gnu arm embedded toolchain/10 2021.10/bin/../lib/gcc/arm-none-eabi/10.3.1/thumb/v7e-m+fp/hard\libgcc.a(unwind-arm.o) (abort)
c:/program files (x86)/gnu arm embedded toolchain/10 2021.10/bin/../lib/gcc/arm-none-eabi/10.3.1/../../../../arm-none-eabi/lib/thumb/v7e-m+fp/hard\libc.a(lib_a-aeabi_memclr.o)
                              C:/Users/Kuju/Projects/PlaydateJai/example/.build/pdex_0_w3_no_opt.o (__aeabi_memclr)
c:/program files (x86)/gnu arm embedded toolchain/10 2021.10/bin/../lib/gcc/arm-none-eabi/10.3.1/../../../../arm-none-eabi/lib/thumb/v7e-m+fp/hard\libc.a(lib_a-aeabi_memcpy.o)
                              C:/Users/Kuju/Projects/PlaydateJai/example/.build/pdex_1_w3_no_opt.o (__aeabi_memcpy)
c:/program files (x86)/gnu arm embedded toolchain/10 2021.10/bin/../lib/gcc/arm-none-eabi/10.3.1/../../../../arm-none-eabi/lib/thumb/v7e-m+fp/hard\libc.a(lib_a-aeabi_memset-soft.o)
                              c:/program files (x86)/gnu arm embedded toolchain/10 2021.10/bin/../lib/gcc/arm-none-eabi/10.3.1/../../../../arm-none-eabi/lib/thumb/v7e-m+fp/hard\libc.a(lib_a-aeabi_memclr.o) (__aeabi_memset)
c:/program files (x86)/gnu arm embedded toolchain/10 2021.10/bin/../lib/gcc/arm-none-eabi/10.3.1/../../../../arm-none-eabi/lib/thumb/v7e-m+fp/hard\libc.a(lib_a-memcpy.o)
                              c:/program files (x86)/gnu arm embedded toolchain/10 2021.10/bin/../lib/gcc/arm-none-eabi/10.3.1/thumb/v7e-m+fp/hard\libgcc.a(unwind-arm.o) (memcpy)
c:/program files (x86)/gnu arm embedded toolchain/10 2021.10/bin/../lib/gcc/arm-none-eabi/10.3.1/../../../../arm-none-eabi/lib/thumb/v7e-m+fp/hard\libc.a(lib_a-signal.o)
                              c:/program files (x86)/gnu arm embedded toolchain/10 2021.10/bin/../lib/gcc/arm-none-eabi/10.3.1/../../../../arm-none-eabi/lib/thumb/v7e-m+fp/hard\libc.a(lib_a-abort.o) (raise)
c:/program files (x86)/gnu arm embedded toolchain/10 2021.10/bin/../lib/gcc/arm-none-eabi/10.3.1/../../../../arm-none-eabi/lib/thumb/v7e-m+fp/hard\libc.a(lib_a-signalr.o)
                              c:/program files (x86)/gnu arm embedded toolchain/10 2021.10/bin/../lib/gcc/arm-none-eabi/10.3.1/../../../../arm-none-eabi/lib/thumb/v7e-m+fp/hard\libc.a(lib_a-signal.o) (_kill_r)
c:/program files (x86)/gnu arm embedded toolchain/10 2021.10/bin/../lib/gcc/arm-none-eabi/10.3.1/../../../../arm-none-eabi/lib/thumb/v7e-m+fp/hard\libc.a(lib_a-impure.o)
                              c:/program files (x86)/gnu arm embedded toolchain/10 2021.10/bin/../lib/gcc/arm-none-eabi/10.3.1/../../../../arm-none-eabi/lib/thumb/v7e-m+fp/hard\libc.a(lib_a-signal.o) (_impure_ptr)
c:/program files (x86)/gnu arm embedded toolchain/10 2021.10/bin/../lib/gcc/arm-none-eabi/10.3.1/../../../../arm-none-eabi/lib/thumb/v7e-m+fp/hard\libc.a(lib_a-mallocr.o)
                              c:/program files (x86)/gnu arm embedded toolchain/10 2021.10/bin/../lib/gcc/arm-none-eabi/10.3.1/../../../../arm-none-eabi/lib/thumb/v7e-m+fp/hard\libc.a(lib_a-signal.o) (_malloc_r)
c:/program files (x86)/gnu arm embedded toolchain/10 2021.10/bin/../lib/gcc/arm-none-eabi/10.3.1/../../../../arm-none-eabi/lib/thumb/v7e-m+fp/hard\libc.a(lib_a-mlock.o)
                              c:/program files (x86)/gnu arm embedded toolchain/10 2021.10/bin/../lib/gcc/arm-none-eabi/10.3.1/../../../../arm-none-eabi/lib/thumb/v7e-m+fp/hard\libc.a(lib_a-mallocr.o) (__malloc_lock)
c:/program files (x86)/gnu arm embedded toolchain/10 2021.10/bin/../lib/gcc/arm-none-eabi/10.3.1/../../../../arm-none-eabi/lib/thumb/v7e-m+fp/hard\libc.a(lib_a-reent.o)
                              c:/program files (x86)/gnu arm embedded toolchain/10 2021.10/bin/../lib/gcc/arm-none-eabi/10.3.1/../../../../arm-none-eabi/lib/thumb/v7e-m+fp/hard\libc.a(lib_a-signalr.o) (errno)
[...]
Memory Configuration

Name             Origin             Length             Attributes
*default*        0x00000000         0xffffffff

Linker script and memory map

LOAD C:/Users/Kuju/Projects/PlaydateJai/example/.build/pdex_0_w3_no_opt.o
LOAD C:/Users/Kuju/Projects/PlaydateJai/example/.build/pdex_1_w3_no_opt.o
LOAD C:/Users/Kuju/Projects/PlaydateJai/example/.build/pdex_2_w3_no_opt.o
LOAD C:/Users/Kuju/Projects/PlaydateJai/example/.build/pdex_3_w3_no_opt.o
START GROUP
LOAD c:/program files (x86)/gnu arm embedded toolchain/10 2021.10/bin/../lib/gcc/arm-none-eabi/10.3.1/thumb/v7e-m+fp/hard\libgcc.a
LOAD c:/program files (x86)/gnu arm embedded toolchain/10 2021.10/bin/../lib/gcc/arm-none-eabi/10.3.1/../../../../arm-none-eabi/lib/thumb/v7e-m+fp/hard\libc.a
END GROUP
START GROUP
LOAD c:/program files (x86)/gnu arm embedded toolchain/10 2021.10/bin/../lib/gcc/arm-none-eabi/10.3.1/thumb/v7e-m+fp/hard\libgcc.a
LOAD c:/program files (x86)/gnu arm embedded toolchain/10 2021.10/bin/../lib/gcc/arm-none-eabi/10.3.1/../../../../arm-none-eabi/lib/thumb/v7e-m+fp/hard\libc.a
LOAD c:/program files (x86)/gnu arm embedded toolchain/10 2021.10/bin/../lib/gcc/arm-none-eabi/10.3.1/../../../../arm-none-eabi/lib/thumb/v7e-m+fp/hard\libm.a
END GROUP

.text           0x00000000     0x530e
 *(.text)
 .text          0x00000000      0x9d8 c:/program files (x86)/gnu arm embedded toolchain/10 2021.10/bin/../lib/gcc/arm-none-eabi/10.3.1/thumb/v7e-m+fp/hard\libgcc.a(unwind-arm.o)
                0x000002a8                _Unwind_GetCFA
                0x000002ac                __gnu_Unwind_RaiseException
                0x00000314                __gnu_Unwind_ForcedUnwind
                0x00000324                __gnu_Unwind_Resume
                0x00000368                __gnu_Unwind_Resume_or_Rethrow
                0x00000378                _Unwind_Complete
                0x0000037c                _Unwind_DeleteException
                0x00000388                _Unwind_VRS_Get
                0x000003d4                _Unwind_VRS_Set
                0x0000041c                __gnu_Unwind_Backtrace
                0x00000748                __aeabi_unwind_cpp_pr0
                0x0000074c                __aeabi_unwind_cpp_pr1
                0x00000750                __aeabi_unwind_cpp_pr2
                0x00000754                _Unwind_VRS_Pop
 .text          0x000009d8      0x1ac c:/program files (x86)/gnu arm embedded toolchain/10 2021.10/bin/../lib/gcc/arm-none-eabi/10.3.1/thumb/v7e-m+fp/hard\libgcc.a(libunwind.o)
                0x000009d8                __restore_core_regs
                0x000009d8                restore_core_regs
                0x000009f0                __gnu_Unwind_Restore_VFP
                0x000009f8                __gnu_Unwind_Save_VFP
                0x00000a00                __gnu_Unwind_Restore_VFP_D
                0x00000a08                __gnu_Unwind_Save_VFP_D
                0x00000a10                __gnu_Unwind_Restore_VFP_D_16_to_31
                0x00000a18                __gnu_Unwind_Save_VFP_D_16_to_31
                0x00000a20                __gnu_Unwind_Restore_WMMXD
                0x00000a64                __gnu_Unwind_Save_WMMXD
                0x00000aa8                __gnu_Unwind_Restore_WMMXC
                0x00000abc                __gnu_Unwind_Save_WMMXC
                0x00000ad0                ___Unwind_RaiseException
                0x00000ad0                _Unwind_RaiseException
                0x00000af4                _Unwind_Resume
                0x00000af4                ___Unwind_Resume
                0x00000b18                _Unwind_Resume_or_Rethrow
                0x00000b18                ___Unwind_Resume_or_Rethrow
                0x00000b3c                _Unwind_ForcedUnwind
                0x00000b3c                ___Unwind_ForcedUnwind
                0x00000b60                ___Unwind_Backtrace
                0x00000b60                _Unwind_Backtrace
 .text          0x00000b84      0x350 c:/program files (x86)/gnu arm embedded toolchain/10 2021.10/bin/../lib/gcc/arm-none-eabi/10.3.1/thumb/v7e-m+fp/hard\libgcc.a(pr-support.o)
                0x00000bdc                __gnu_unwind_execute
                0x00000e88                __gnu_unwind_frame
                0x00000eb4                _Unwind_GetRegionStart
                0x00000ec0                _Unwind_GetLanguageSpecificData
 .text          0x00000ed4       0x9a c:/program files (x86)/gnu arm embedded toolchain/10 2021.10/bin/../lib/gcc/arm-none-eabi/10.3.1/../../../../arm-none-eabi/lib/thumb/v7e-m+fp/hard\libc.a(lib_a-aeabi_memset-soft.o)
                0x00000ed4                __aeabi_memset8
                0x00000ed4                __aeabi_memset4
                0x00000ed4                __aeabi_memset
 *fill*         0x00000f6e        0x2 
 .text          0x00000f70      0x134 c:/program files (x86)/gnu arm embedded toolchain/10 2021.10/bin/../lib/gcc/arm-none-eabi/10.3.1/../../../../arm-none-eabi/lib/thumb/v7e-m+fp/hard\libc.a(lib_a-memcpy.o)
                0x00000f70                memcpy
 *(.text.*)
 .text.__procedure_1b00000001
                0x000010a4       0x6c C:/Users/Kuju/Projects/PlaydateJai/example/.build/pdex_0_w3_no_opt.o
                0x000010a4                __procedure_1b00000001
 .text._free_r_500000333
                0x00001110       0xd0 C:/Users/Kuju/Projects/PlaydateJai/example/.build/pdex_0_w3_no_opt.o
                0x00001110                _free_r_500000333
 .text.eventHandler_3000000d0
                0x000011e0      0x144 C:/Users/Kuju/Projects/PlaydateJai/example/.build/pdex_0_w3_no_opt.o
                0x000011e0                eventHandler_3000000d0
 .text._getpid_50000032e
                0x00001324        0x8 C:/Users/Kuju/Projects/PlaydateJai/example/.build/pdex_0_w3_no_opt.o
                0x00001324                _getpid_50000032e
                0x00001324                _getpid
 .text._kill_50000032d
                0x0000132c        0x8 C:/Users/Kuju/Projects/PlaydateJai/example/.build/pdex_1_w3_no_opt.o
                0x0000132c                _kill
                0x0000132c                _kill_50000032d
 .text._realloc_r_500000332
                0x00001334       0xe0 C:/Users/Kuju/Projects/PlaydateJai/example/.build/pdex_1_w3_no_opt.o
                0x00001334                _realloc_r_500000332
 .text.allocate_proc_50000032b
                0x00001414      0x338 C:/Users/Kuju/Projects/PlaydateJai/example/.build/pdex_1_w3_no_opt.o
                0x00001414                allocate_proc_50000032b
 .text.set_initial_data_b0000007a
                0x0000174c       0xc8 C:/Users/Kuju/Projects/PlaydateJai/example/.build/pdex_2_w3_no_opt.o
                0x0000174c                set_initial_data_b0000007a
 .text.__exidx_end_500000330
                0x00001814        0x8 C:/Users/Kuju/Projects/PlaydateJai/example/.build/pdex_2_w3_no_opt.o
                0x00001814                __exidx_end
                0x00001814                __exidx_end_500000330
 .text._exit_50000032c
                0x0000181c        0x8 C:/Users/Kuju/Projects/PlaydateJai/example/.build/pdex_2_w3_no_opt.o
                0x0000181c                _exit
                0x0000181c                _exit_50000032c
 .text._malloc_r_500000331
                0x00001824       0xd8 C:/Users/Kuju/Projects/PlaydateJai/example/.build/pdex_2_w3_no_opt.o
                0x00001824                _malloc_r_500000331
 .text.__procedure_1b00000003
                0x000018fc       0x84 C:/Users/Kuju/Projects/PlaydateJai/example/.build/pdex_2_w3_no_opt.o
                0x000018fc                __procedure_1b00000003
 .text.__cast_bounds_check_fail_b00000075
                0x00001980       0x40 C:/Users/Kuju/Projects/PlaydateJai/example/.build/pdex_3_w3_no_opt.o
                0x00001980                __cast_bounds_check_fail_b00000075
 .text.__exidx_start_50000032f
                0x000019c0        0x8 C:/Users/Kuju/Projects/PlaydateJai/example/.build/pdex_3_w3_no_opt.o
                0x000019c0                __exidx_start_50000032f
                0x000019c0                __exidx_start
 .text.__procedure_1b00000002
                0x000019c8       0x5c C:/Users/Kuju/Projects/PlaydateJai/example/.build/pdex_3_w3_no_opt.o
                0x000019c8                __procedure_1b00000002
 .text.update_3000000cf
                0x00001a24      0x108 C:/Users/Kuju/Projects/PlaydateJai/example/.build/pdex_3_w3_no_opt.o
                0x00001a24                update_3000000cf
 .text.eventHandlerShim_50000032a
                0x00001b2c      0x18c C:/Users/Kuju/Projects/PlaydateJai/example/.build/pdex_3_w3_no_opt.o
                0x00001b2c                eventHandlerShim_50000032a
                0x00001b2c                eventHandlerShim
 .text.abort    0x00001cb8       0x10 c:/program files (x86)/gnu arm embedded toolchain/10 2021.10/bin/../lib/gcc/arm-none-eabi/10.3.1/../../../../arm-none-eabi/lib/thumb/v7e-m+fp/hard\libc.a(lib_a-abort.o)
                0x00001cb8                abort
 .text.__aeabi_memclr
                0x00001cc8        0x8 c:/program files (x86)/gnu arm embedded toolchain/10 2021.10/bin/../lib/gcc/arm-none-eabi/10.3.1/../../../../arm-none-eabi/lib/thumb/v7e-m+fp/hard\libc.a(lib_a-aeabi_memclr.o)
                0x00001cc8                __aeabi_memclr
                0x00001cc8                __aeabi_memclr4
                0x00001cc8                __aeabi_memclr8
 .text.raise    0x00001cd0       0x5c c:/program files (x86)/gnu arm embedded toolchain/10 2021.10/bin/../lib/gcc/arm-none-eabi/10.3.1/../../../../arm-none-eabi/lib/thumb/v7e-m+fp/hard\libc.a(lib_a-signal.o)
                0x00001cd0                raise
 .text._kill_r  0x00001d2c       0x2c c:/program files (x86)/gnu arm embedded toolchain/10 2021.10/bin/../lib/gcc/arm-none-eabi/10.3.1/../../../../arm-none-eabi/lib/thumb/v7e-m+fp/hard\libc.a(lib_a-signalr.o)
                0x00001d2c                _kill_r
 .text._getpid_r
                0x00001d58        0x4 c:/program files (x86)/gnu arm embedded toolchain/10 2021.10/bin/../lib/gcc/arm-none-eabi/10.3.1/../../../../arm-none-eabi/lib/thumb/v7e-m+fp/hard\libc.a(lib_a-signalr.o)
                0x00001d58                _getpid_r
 *(.init)
 *(.fini)
 *crtbegin.o(.ctors)
 *crtbegin?.o(.ctors)
 *(EXCLUDE_FILE(*crtend.o *crtend?.o) .ctors)
 *(SORT_BY_NAME(.ctors.*))
 *(.ctors)
 *crtbegin.o(.dtors)
 *crtbegin?.o(.dtors)
 *(EXCLUDE_FILE(*crtend.o *crtend?.o) .dtors)
 *(SORT_BY_NAME(.dtors.*))
 *(.dtors)
 *(.rodata*)
 *fill*         0x00001d5c        0x4 
 .rodata._type_table_section
                0x00001d60     0x23ec C:/Users/Kuju/Projects/PlaydateJai/example/.build/pdex_0_w3_no_opt.o
                0x00001d60                _type_table_section
                0x00004490                __runtime_info
 *fill*         0x0000414c      0xeb4 
 .rodata._literals
                0x00005000      0x2db C:/Users/Kuju/Projects/PlaydateJai/example/.build/pdex_0_w3_no_opt.o
                0x00005000                _literals
                0x00005000                __literals
 *fill*         0x000052db        0x5 
 .rodata.__unnamed_1
                0x000052e0       0x2e C:/Users/Kuju/Projects/PlaydateJai/example/.build/pdex_1_w3_no_opt.o
 *(.eh_frame*)

.ARM.extab.text.__procedure_1b00000001
                0x00005310        0xc
 .ARM.extab.text.__procedure_1b00000001
                0x00005310        0xc C:/Users/Kuju/Projects/PlaydateJai/example/.build/pdex_0_w3_no_opt.o

.ARM.exidx.text.__procedure_1b00000001
                0x0000531c        0x8
 .ARM.exidx.text.__procedure_1b00000001
                0x0000531c        0x8 C:/Users/Kuju/Projects/PlaydateJai/example/.build/pdex_0_w3_no_opt.o

.ARM.extab.text._free_r_500000333
                0x00005324        0xc
 .ARM.extab.text._free_r_500000333
                0x00005324        0xc C:/Users/Kuju/Projects/PlaydateJai/example/.build/pdex_0_w3_no_opt.o

.ARM.exidx.text._free_r_500000333
                0x00005330        0x8
 .ARM.exidx.text._free_r_500000333
                0x00005330        0x8 C:/Users/Kuju/Projects/PlaydateJai/example/.build/pdex_0_w3_no_opt.o

.ARM.extab.text.eventHandler_3000000d0
                0x00005338        0xc
 .ARM.extab.text.eventHandler_3000000d0
                0x00005338        0xc C:/Users/Kuju/Projects/PlaydateJai/example/.build/pdex_0_w3_no_opt.o

.ARM.exidx.text.eventHandler_3000000d0
                0x00005344        0x8
 .ARM.exidx.text.eventHandler_3000000d0
                0x00005344        0x8 C:/Users/Kuju/Projects/PlaydateJai/example/.build/pdex_0_w3_no_opt.o

.ARM.exidx.text._getpid_50000032e
                0x0000534c        0x8
 .ARM.exidx.text._getpid_50000032e
                0x0000534c        0x8 C:/Users/Kuju/Projects/PlaydateJai/example/.build/pdex_0_w3_no_opt.o

.ARM.exidx.text._kill_50000032d
                0x00005354        0x0
 .ARM.exidx.text._kill_50000032d
                0x00005354        0x0 C:/Users/Kuju/Projects/PlaydateJai/example/.build/pdex_1_w3_no_opt.o
                                  0x8 (size before relaxing)

.ARM.extab.text._realloc_r_500000332
                0x00005354        0xc
 .ARM.extab.text._realloc_r_500000332
                0x00005354        0xc C:/Users/Kuju/Projects/PlaydateJai/example/.build/pdex_1_w3_no_opt.o

.ARM.exidx.text._realloc_r_500000332
                0x00005360        0x8
 .ARM.exidx.text._realloc_r_500000332
                0x00005360        0x8 C:/Users/Kuju/Projects/PlaydateJai/example/.build/pdex_1_w3_no_opt.o

.ARM.extab.text.allocate_proc_50000032b
                0x00005368        0xc
 .ARM.extab.text.allocate_proc_50000032b
                0x00005368        0xc C:/Users/Kuju/Projects/PlaydateJai/example/.build/pdex_1_w3_no_opt.o

.ARM.exidx.text.allocate_proc_50000032b
                0x00005374        0x8
 .ARM.exidx.text.allocate_proc_50000032b
                0x00005374        0x8 C:/Users/Kuju/Projects/PlaydateJai/example/.build/pdex_1_w3_no_opt.o

.ARM.extab.text.set_initial_data_b0000007a
                0x0000537c        0xc
 .ARM.extab.text.set_initial_data_b0000007a
                0x0000537c        0xc C:/Users/Kuju/Projects/PlaydateJai/example/.build/pdex_2_w3_no_opt.o

.ARM.exidx.text.set_initial_data_b0000007a
                0x00005388        0x8
 .ARM.exidx.text.set_initial_data_b0000007a
                0x00005388        0x8 C:/Users/Kuju/Projects/PlaydateJai/example/.build/pdex_2_w3_no_opt.o

.ARM.exidx.text.__exidx_end_500000330
                0x00005390        0x8
 .ARM.exidx.text.__exidx_end_500000330
                0x00005390        0x8 C:/Users/Kuju/Projects/PlaydateJai/example/.build/pdex_2_w3_no_opt.o

.ARM.exidx.text._exit_50000032c
                0x00005398        0x0
 .ARM.exidx.text._exit_50000032c
                0x00005398        0x0 C:/Users/Kuju/Projects/PlaydateJai/example/.build/pdex_2_w3_no_opt.o
                                  0x8 (size before relaxing)

.ARM.extab.text._malloc_r_500000331
                0x00005398        0xc
 .ARM.extab.text._malloc_r_500000331
                0x00005398        0xc C:/Users/Kuju/Projects/PlaydateJai/example/.build/pdex_2_w3_no_opt.o

.ARM.exidx.text._malloc_r_500000331
                0x000053a4        0x8
 .ARM.exidx.text._malloc_r_500000331
                0x000053a4        0x8 C:/Users/Kuju/Projects/PlaydateJai/example/.build/pdex_2_w3_no_opt.o

.ARM.exidx.text.__procedure_1b00000003
                0x000053ac        0x8
 .ARM.exidx.text.__procedure_1b00000003
                0x000053ac        0x8 C:/Users/Kuju/Projects/PlaydateJai/example/.build/pdex_2_w3_no_opt.o

.ARM.extab.text.__cast_bounds_check_fail_b00000075
                0x000053b4        0xc
 .ARM.extab.text.__cast_bounds_check_fail_b00000075
                0x000053b4        0xc C:/Users/Kuju/Projects/PlaydateJai/example/.build/pdex_3_w3_no_opt.o

.ARM.exidx.text.__cast_bounds_check_fail_b00000075
                0x000053c0        0x8
 .ARM.exidx.text.__cast_bounds_check_fail_b00000075
                0x000053c0        0x8 C:/Users/Kuju/Projects/PlaydateJai/example/.build/pdex_3_w3_no_opt.o

.ARM.exidx.text.__exidx_start_50000032f
                0x000053c8        0x8
 .ARM.exidx.text.__exidx_start_50000032f
                0x000053c8        0x8 C:/Users/Kuju/Projects/PlaydateJai/example/.build/pdex_3_w3_no_opt.o

.ARM.exidx.text.__procedure_1b00000002
                0x000053d0        0x8
 .ARM.exidx.text.__procedure_1b00000002
                0x000053d0        0x8 C:/Users/Kuju/Projects/PlaydateJai/example/.build/pdex_3_w3_no_opt.o

.ARM.extab.text.update_3000000cf
                0x000053d8        0xc
 .ARM.extab.text.update_3000000cf
                0x000053d8        0xc C:/Users/Kuju/Projects/PlaydateJai/example/.build/pdex_3_w3_no_opt.o

.ARM.exidx.text.update_3000000cf
                0x000053e4        0x8
 .ARM.exidx.text.update_3000000cf
                0x000053e4        0x8 C:/Users/Kuju/Projects/PlaydateJai/example/.build/pdex_3_w3_no_opt.o

.ARM.exidx.text.eventHandlerShim_50000032a
                0x000053ec       0x10
 .ARM.exidx.text.eventHandlerShim_50000032a
                0x000053ec       0x10 C:/Users/Kuju/Projects/PlaydateJai/example/.build/pdex_3_w3_no_opt.o
                                  0x8 (size before relaxing)

.ARM.extab      0x000053fc       0x18
 .ARM.extab     0x000053fc       0x18 c:/program files (x86)/gnu arm embedded toolchain/10 2021.10/bin/../lib/gcc/arm-none-eabi/10.3.1/thumb/v7e-m+fp/hard\libgcc.a(pr-support.o)

.glue_7         0x00005414        0x0
 .glue_7        0x00005414        0x0 linker stubs

.glue_7t        0x00005414        0x0
 .glue_7t       0x00005414        0x0 linker stubs

.vfp11_veneer   0x00005414        0x0
 .vfp11_veneer  0x00005414        0x0 linker stubs

.v4_bx          0x00005414        0x0
 .v4_bx         0x00005414        0x0 linker stubs

.iplt           0x00005414        0x0
 .iplt          0x00005414        0x0 C:/Users/Kuju/Projects/PlaydateJai/example/.build/pdex_0_w3_no_opt.o

.rel.dyn        0x00005414        0x0
 .rel.iplt      0x00005414        0x0 C:/Users/Kuju/Projects/PlaydateJai/example/.build/pdex_0_w3_no_opt.o

.data           0x00006000      0x490
                0x00006000                __etext = .
                0x00006000                __data_start__ = .
 *(vtable)
 *(.data*)
 .data._global_data_base
                0x00006000       0x64 C:/Users/Kuju/Projects/PlaydateJai/example/.build/pdex_0_w3_no_opt.o
                0x00006000                _global_data_base
 .data._impure_ptr
                0x00006064        0x4 c:/program files (x86)/gnu arm embedded toolchain/10 2021.10/bin/../lib/gcc/arm-none-eabi/10.3.1/../../../../arm-none-eabi/lib/thumb/v7e-m+fp/hard\libc.a(lib_a-impure.o)
                0x00006064                _impure_ptr
 .data.impure_data
                0x00006068      0x428 c:/program files (x86)/gnu arm embedded toolchain/10 2021.10/bin/../lib/gcc/arm-none-eabi/10.3.1/../../../../arm-none-eabi/lib/thumb/v7e-m+fp/hard\libc.a(lib_a-impure.o)
                0x00006490                . = ALIGN (0x4)
                [!provide]                PROVIDE (__preinit_array_start = .)
 *(.preinit_array)
                [!provide]                PROVIDE (__preinit_array_end = .)
                0x00006490                . = ALIGN (0x4)
                [!provide]                PROVIDE (__init_array_start = .)
 *(SORT_BY_NAME(.init_array.*))
 *(.init_array)
                [!provide]                PROVIDE (__init_array_end = .)
                0x00006490                . = ALIGN (0x4)
                [!provide]                PROVIDE (__fini_array_start = .)
 *(SORT_BY_NAME(.fini_array.*))
 *(.fini_array)
                [!provide]                PROVIDE (__fini_array_end = .)
                0x00006490                . = ALIGN (0x4)
                0x00006490                __data_end__ = .

.igot.plt       0x00006490        0x0
 .igot.plt      0x00006490        0x0 C:/Users/Kuju/Projects/PlaydateJai/example/.build/pdex_0_w3_no_opt.o

.bss            0x00007000      0x4c4
                0x00007000                . = ALIGN (0x4)
                0x00007000                __bss_start__ = .
 *(.bss*)
 .bss._bss_base
                0x00007000      0x4c0 C:/Users/Kuju/Projects/PlaydateJai/example/.build/pdex_0_w3_no_opt.o
                0x00007000                _bss_base
 .bss.errno     0x000074c0        0x4 c:/program files (x86)/gnu arm embedded toolchain/10 2021.10/bin/../lib/gcc/arm-none-eabi/10.3.1/../../../../arm-none-eabi/lib/thumb/v7e-m+fp/hard\libc.a(lib_a-reent.o)
                0x000074c0                errno
 *(COMMON)
 *(COM)
                0x000074c4                . = ALIGN (0x4)
                0x000074c4                __bss_end__ = .

/DISCARD/
 *(.ARM.exidx)
OUTPUT(build/pdex.elf elf32-littlearm)
LOAD linker stubs

.debug_abbrev   0x00000000      0x649
 .debug_abbrev  0x00000000      0x1bf C:/Users/Kuju/Projects/PlaydateJai/example/.build/pdex_0_w3_no_opt.o
 .debug_abbrev  0x000001bf      0x15f C:/Users/Kuju/Projects/PlaydateJai/example/.build/pdex_1_w3_no_opt.o
 .debug_abbrev  0x0000031e      0x145 C:/Users/Kuju/Projects/PlaydateJai/example/.build/pdex_2_w3_no_opt.o
 .debug_abbrev  0x00000463      0x1e6 C:/Users/Kuju/Projects/PlaydateJai/example/.build/pdex_3_w3_no_opt.o

.debug_info     0x00000000     0xabab
 .debug_info    0x00000000     0x4e1e C:/Users/Kuju/Projects/PlaydateJai/example/.build/pdex_0_w3_no_opt.o
 .debug_info    0x00004e1e      0x7e6 C:/Users/Kuju/Projects/PlaydateJai/example/.build/pdex_1_w3_no_opt.o
 .debug_info    0x00005604      0x731 C:/Users/Kuju/Projects/PlaydateJai/example/.build/pdex_2_w3_no_opt.o
 .debug_info    0x00005d35     0x4e76 C:/Users/Kuju/Projects/PlaydateJai/example/.build/pdex_3_w3_no_opt.o

.debug_ranges   0x00000000       0xe0
 .debug_ranges  0x00000000       0x38 C:/Users/Kuju/Projects/PlaydateJai/example/.build/pdex_0_w3_no_opt.o
 .debug_ranges  0x00000038       0x38 C:/Users/Kuju/Projects/PlaydateJai/example/.build/pdex_1_w3_no_opt.o
 .debug_ranges  0x00000070       0x38 C:/Users/Kuju/Projects/PlaydateJai/example/.build/pdex_2_w3_no_opt.o
 .debug_ranges  0x000000a8       0x38 C:/Users/Kuju/Projects/PlaydateJai/example/.build/pdex_3_w3_no_opt.o

.debug_str      0x00000000     0x3113
 .debug_str     0x00000000     0x2cd3 C:/Users/Kuju/Projects/PlaydateJai/example/.build/pdex_0_w3_no_opt.o
                               0x31c9 (size before relaxing)
 .debug_str     0x00002cd3      0x186 C:/Users/Kuju/Projects/PlaydateJai/example/.build/pdex_1_w3_no_opt.o
                                0x7f8 (size before relaxing)
 .debug_str     0x00002e59      0x115 C:/Users/Kuju/Projects/PlaydateJai/example/.build/pdex_2_w3_no_opt.o
                                0x77e (size before relaxing)
 .debug_str     0x00002f6e      0x1a5 C:/Users/Kuju/Projects/PlaydateJai/example/.build/pdex_3_w3_no_opt.o
                               0x3259 (size before relaxing)

.debug_pubnames
                0x00000000     0x25b6
 .debug_pubnames
                0x00000000      0xfdf C:/Users/Kuju/Projects/PlaydateJai/example/.build/pdex_0_w3_no_opt.o
 .debug_pubnames
                0x00000fdf      0x2e2 C:/Users/Kuju/Projects/PlaydateJai/example/.build/pdex_1_w3_no_opt.o
 .debug_pubnames
                0x000012c1      0x2e1 C:/Users/Kuju/Projects/PlaydateJai/example/.build/pdex_2_w3_no_opt.o
 .debug_pubnames
                0x000015a2     0x1014 C:/Users/Kuju/Projects/PlaydateJai/example/.build/pdex_3_w3_no_opt.o

.debug_pubtypes
                0x00000000     0x17a4
 .debug_pubtypes
                0x00000000      0xa05 C:/Users/Kuju/Projects/PlaydateJai/example/.build/pdex_0_w3_no_opt.o
 .debug_pubtypes
                0x00000a05      0x1d1 C:/Users/Kuju/Projects/PlaydateJai/example/.build/pdex_1_w3_no_opt.o
 .debug_pubtypes
                0x00000bd6      0x1c9 C:/Users/Kuju/Projects/PlaydateJai/example/.build/pdex_2_w3_no_opt.o
 .debug_pubtypes
                0x00000d9f      0xa05 C:/Users/Kuju/Projects/PlaydateJai/example/.build/pdex_3_w3_no_opt.o

.note.GNU-stack
                0x00000000        0x0
 .note.GNU-stack
                0x00000000        0x0 C:/Users/Kuju/Projects/PlaydateJai/example/.build/pdex_0_w3_no_opt.o
 .note.GNU-stack
                0x00000000        0x0 C:/Users/Kuju/Projects/PlaydateJai/example/.build/pdex_1_w3_no_opt.o
 .note.GNU-stack
                0x00000000        0x0 C:/Users/Kuju/Projects/PlaydateJai/example/.build/pdex_2_w3_no_opt.o
 .note.GNU-stack
                0x00000000        0x0 C:/Users/Kuju/Projects/PlaydateJai/example/.build/pdex_3_w3_no_opt.o

.ARM.attributes
                0x00000000       0x3d
 .ARM.attributes
                0x00000000       0x45 C:/Users/Kuju/Projects/PlaydateJai/example/.build/pdex_0_w3_no_opt.o
 .ARM.attributes
                0x00000045       0x45 C:/Users/Kuju/Projects/PlaydateJai/example/.build/pdex_1_w3_no_opt.o
 .ARM.attributes
                0x0000008a       0x45 C:/Users/Kuju/Projects/PlaydateJai/example/.build/pdex_2_w3_no_opt.o
 .ARM.attributes
                0x000000cf       0x45 C:/Users/Kuju/Projects/PlaydateJai/example/.build/pdex_3_w3_no_opt.o
 .ARM.attributes
                0x00000114       0x34 c:/program files (x86)/gnu arm embedded toolchain/10 2021.10/bin/../lib/gcc/arm-none-eabi/10.3.1/thumb/v7e-m+fp/hard\libgcc.a(unwind-arm.o)
 .ARM.attributes
                0x00000148       0x1e c:/program files (x86)/gnu arm embedded toolchain/10 2021.10/bin/../lib/gcc/arm-none-eabi/10.3.1/thumb/v7e-m+fp/hard\libgcc.a(libunwind.o)
 .ARM.attributes
                0x00000166       0x34 c:/program files (x86)/gnu arm embedded toolchain/10 2021.10/bin/../lib/gcc/arm-none-eabi/10.3.1/thumb/v7e-m+fp/hard\libgcc.a(pr-support.o)
 .ARM.attributes
                0x0000019a       0x34 c:/program files (x86)/gnu arm embedded toolchain/10 2021.10/bin/../lib/gcc/arm-none-eabi/10.3.1/../../../../arm-none-eabi/lib/thumb/v7e-m+fp/hard\libc.a(lib_a-abort.o)
 .ARM.attributes
                0x000001ce       0x34 c:/program files (x86)/gnu arm embedded toolchain/10 2021.10/bin/../lib/gcc/arm-none-eabi/10.3.1/../../../../arm-none-eabi/lib/thumb/v7e-m+fp/hard\libc.a(lib_a-aeabi_memclr.o)
 .ARM.attributes
                0x00000202       0x1c c:/program files (x86)/gnu arm embedded toolchain/10 2021.10/bin/../lib/gcc/arm-none-eabi/10.3.1/../../../../arm-none-eabi/lib/thumb/v7e-m+fp/hard\libc.a(lib_a-aeabi_memset-soft.o)
 .ARM.attributes
                0x0000021e       0x1c c:/program files (x86)/gnu arm embedded toolchain/10 2021.10/bin/../lib/gcc/arm-none-eabi/10.3.1/../../../../arm-none-eabi/lib/thumb/v7e-m+fp/hard\libc.a(lib_a-memcpy.o)
 .ARM.attributes
                0x0000023a       0x34 c:/program files (x86)/gnu arm embedded toolchain/10 2021.10/bin/../lib/gcc/arm-none-eabi/10.3.1/../../../../arm-none-eabi/lib/thumb/v7e-m+fp/hard\libc.a(lib_a-signal.o)
 .ARM.attributes
                0x0000026e       0x34 c:/program files (x86)/gnu arm embedded toolchain/10 2021.10/bin/../lib/gcc/arm-none-eabi/10.3.1/../../../../arm-none-eabi/lib/thumb/v7e-m+fp/hard\libc.a(lib_a-signalr.o)
 .ARM.attributes
                0x000002a2       0x34 c:/program files (x86)/gnu arm embedded toolchain/10 2021.10/bin/../lib/gcc/arm-none-eabi/10.3.1/../../../../arm-none-eabi/lib/thumb/v7e-m+fp/hard\libc.a(lib_a-impure.o)
 .ARM.attributes
                0x000002d6       0x34 c:/program files (x86)/gnu arm embedded toolchain/10 2021.10/bin/../lib/gcc/arm-none-eabi/10.3.1/../../../../arm-none-eabi/lib/thumb/v7e-m+fp/hard\libc.a(lib_a-reent.o)

.debug_frame    0x00000000      0x8b8
 .debug_frame   0x00000000       0xc0 C:/Users/Kuju/Projects/PlaydateJai/example/.build/pdex_0_w3_no_opt.o
 .debug_frame   0x000000c0       0xbc C:/Users/Kuju/Projects/PlaydateJai/example/.build/pdex_1_w3_no_opt.o
 .debug_frame   0x0000017c       0xb0 C:/Users/Kuju/Projects/PlaydateJai/example/.build/pdex_2_w3_no_opt.o
 .debug_frame   0x0000022c       0xb8 C:/Users/Kuju/Projects/PlaydateJai/example/.build/pdex_3_w3_no_opt.o
 .debug_frame   0x000002e4      0x2d4 c:/program files (x86)/gnu arm embedded toolchain/10 2021.10/bin/../lib/gcc/arm-none-eabi/10.3.1/thumb/v7e-m+fp/hard\libgcc.a(unwind-arm.o)
 .debug_frame   0x000005b8      0x104 c:/program files (x86)/gnu arm embedded toolchain/10 2021.10/bin/../lib/gcc/arm-none-eabi/10.3.1/thumb/v7e-m+fp/hard\libgcc.a(pr-support.o)
 .debug_frame   0x000006bc       0x28 c:/program files (x86)/gnu arm embedded toolchain/10 2021.10/bin/../lib/gcc/arm-none-eabi/10.3.1/../../../../arm-none-eabi/lib/thumb/v7e-m+fp/hard\libc.a(lib_a-abort.o)
 .debug_frame   0x000006e4       0x20 c:/program files (x86)/gnu arm embedded toolchain/10 2021.10/bin/../lib/gcc/arm-none-eabi/10.3.1/../../../../arm-none-eabi/lib/thumb/v7e-m+fp/hard\libc.a(lib_a-aeabi_memclr.o)
 .debug_frame   0x00000704      0x114 c:/program files (x86)/gnu arm embedded toolchain/10 2021.10/bin/../lib/gcc/arm-none-eabi/10.3.1/../../../../arm-none-eabi/lib/thumb/v7e-m+fp/hard\libc.a(lib_a-signal.o)
 .debug_frame   0x00000818       0x3c c:/program files (x86)/gnu arm embedded toolchain/10 2021.10/bin/../lib/gcc/arm-none-eabi/10.3.1/../../../../arm-none-eabi/lib/thumb/v7e-m+fp/hard\libc.a(lib_a-signalr.o)
 .debug_frame   0x00000854       0x64 c:/program files (x86)/gnu arm embedded toolchain/10 2021.10/bin/../lib/gcc/arm-none-eabi/10.3.1/../../../../arm-none-eabi/lib/thumb/v7e-m+fp/hard\libc.a(lib_a-reent.o)

.debug_line     0x00000000      0x648
 .debug_line    0x00000000      0x1b4 C:/Users/Kuju/Projects/PlaydateJai/example/.build/pdex_0_w3_no_opt.o
 .debug_line    0x000001b4      0x193 C:/Users/Kuju/Projects/PlaydateJai/example/.build/pdex_1_w3_no_opt.o
 .debug_line    0x00000347      0x14e C:/Users/Kuju/Projects/PlaydateJai/example/.build/pdex_2_w3_no_opt.o
 .debug_line    0x00000495      0x1b3 C:/Users/Kuju/Projects/PlaydateJai/example/.build/pdex_3_w3_no_opt.o

Cross Reference Table

Symbol                                            File
_Unwind_Backtrace                                 c:/program files (x86)/gnu arm embedded toolchain/10 2021.10/bin/../lib/gcc/arm-none-eabi/10.3.1/thumb/v7e-m+fp/hard\libgcc.a(libunwind.o)
_Unwind_Complete                                  c:/program files (x86)/gnu arm embedded toolchain/10 2021.10/bin/../lib/gcc/arm-none-eabi/10.3.1/thumb/v7e-m+fp/hard\libgcc.a(unwind-arm.o)
_Unwind_DeleteException                           c:/program files (x86)/gnu arm embedded toolchain/10 2021.10/bin/../lib/gcc/arm-none-eabi/10.3.1/thumb/v7e-m+fp/hard\libgcc.a(unwind-arm.o)
_Unwind_ForcedUnwind                              c:/program files (x86)/gnu arm embedded toolchain/10 2021.10/bin/../lib/gcc/arm-none-eabi/10.3.1/thumb/v7e-m+fp/hard\libgcc.a(libunwind.o)
_Unwind_GetCFA                                    c:/program files (x86)/gnu arm embedded toolchain/10 2021.10/bin/../lib/gcc/arm-none-eabi/10.3.1/thumb/v7e-m+fp/hard\libgcc.a(unwind-arm.o)
_Unwind_GetDataRelBase                            c:/program files (x86)/gnu arm embedded toolchain/10 2021.10/bin/../lib/gcc/arm-none-eabi/10.3.1/thumb/v7e-m+fp/hard\libgcc.a(pr-support.o)
_Unwind_GetLanguageSpecificData                   c:/program files (x86)/gnu arm embedded toolchain/10 2021.10/bin/../lib/gcc/arm-none-eabi/10.3.1/thumb/v7e-m+fp/hard\libgcc.a(pr-support.o)
_Unwind_GetRegionStart                            c:/program files (x86)/gnu arm embedded toolchain/10 2021.10/bin/../lib/gcc/arm-none-eabi/10.3.1/thumb/v7e-m+fp/hard\libgcc.a(pr-support.o)
_Unwind_GetTextRelBase                            c:/program files (x86)/gnu arm embedded toolchain/10 2021.10/bin/../lib/gcc/arm-none-eabi/10.3.1/thumb/v7e-m+fp/hard\libgcc.a(pr-support.o)
_Unwind_RaiseException                            c:/program files (x86)/gnu arm embedded toolchain/10 2021.10/bin/../lib/gcc/arm-none-eabi/10.3.1/thumb/v7e-m+fp/hard\libgcc.a(libunwind.o)
_Unwind_Resume                                    c:/program files (x86)/gnu arm embedded toolchain/10 2021.10/bin/../lib/gcc/arm-none-eabi/10.3.1/thumb/v7e-m+fp/hard\libgcc.a(libunwind.o)
_Unwind_Resume_or_Rethrow                         c:/program files (x86)/gnu arm embedded toolchain/10 2021.10/bin/../lib/gcc/arm-none-eabi/10.3.1/thumb/v7e-m+fp/hard\libgcc.a(libunwind.o)
_Unwind_VRS_Get                                   c:/program files (x86)/gnu arm embedded toolchain/10 2021.10/bin/../lib/gcc/arm-none-eabi/10.3.1/thumb/v7e-m+fp/hard\libgcc.a(unwind-arm.o)
                                                  c:/program files (x86)/gnu arm embedded toolchain/10 2021.10/bin/../lib/gcc/arm-none-eabi/10.3.1/thumb/v7e-m+fp/hard\libgcc.a(pr-support.o)
_Unwind_VRS_Pop                                   c:/program files (x86)/gnu arm embedded toolchain/10 2021.10/bin/../lib/gcc/arm-none-eabi/10.3.1/thumb/v7e-m+fp/hard\libgcc.a(unwind-arm.o)
                                                  c:/program files (x86)/gnu arm embedded toolchain/10 2021.10/bin/../lib/gcc/arm-none-eabi/10.3.1/thumb/v7e-m+fp/hard\libgcc.a(pr-support.o)
_Unwind_VRS_Set                                   c:/program files (x86)/gnu arm embedded toolchain/10 2021.10/bin/../lib/gcc/arm-none-eabi/10.3.1/thumb/v7e-m+fp/hard\libgcc.a(unwind-arm.o)
                                                  c:/program files (x86)/gnu arm embedded toolchain/10 2021.10/bin/../lib/gcc/arm-none-eabi/10.3.1/thumb/v7e-m+fp/hard\libgcc.a(pr-support.o)
___Unwind_Backtrace                               c:/program files (x86)/gnu arm embedded toolchain/10 2021.10/bin/../lib/gcc/arm-none-eabi/10.3.1/thumb/v7e-m+fp/hard\libgcc.a(libunwind.o)
___Unwind_ForcedUnwind                            c:/program files (x86)/gnu arm embedded toolchain/10 2021.10/bin/../lib/gcc/arm-none-eabi/10.3.1/thumb/v7e-m+fp/hard\libgcc.a(libunwind.o)
___Unwind_RaiseException                          c:/program files (x86)/gnu arm embedded toolchain/10 2021.10/bin/../lib/gcc/arm-none-eabi/10.3.1/thumb/v7e-m+fp/hard\libgcc.a(libunwind.o)
___Unwind_Resume                                  c:/program files (x86)/gnu arm embedded toolchain/10 2021.10/bin/../lib/gcc/arm-none-eabi/10.3.1/thumb/v7e-m+fp/hard\libgcc.a(libunwind.o)
___Unwind_Resume_or_Rethrow                       c:/program files (x86)/gnu arm embedded toolchain/10 2021.10/bin/../lib/gcc/arm-none-eabi/10.3.1/thumb/v7e-m+fp/hard\libgcc.a(libunwind.o)
__aeabi_memclr                                    c:/program files (x86)/gnu arm embedded toolchain/10 2021.10/bin/../lib/gcc/arm-none-eabi/10.3.1/../../../../arm-none-eabi/lib/thumb/v7e-m+fp/hard\libc.a(lib_a-aeabi_memclr.o)
                                                  C:/Users/Kuju/Projects/PlaydateJai/example/.build/pdex_3_w3_no_opt.o
                                                  C:/Users/Kuju/Projects/PlaydateJai/example/.build/pdex_2_w3_no_opt.o
                                                  C:/Users/Kuju/Projects/PlaydateJai/example/.build/pdex_0_w3_no_opt.o
__aeabi_memclr4                                   c:/program files (x86)/gnu arm embedded toolchain/10 2021.10/bin/../lib/gcc/arm-none-eabi/10.3.1/../../../../arm-none-eabi/lib/thumb/v7e-m+fp/hard\libc.a(lib_a-aeabi_memclr.o)
__aeabi_memclr8                                   c:/program files (x86)/gnu arm embedded toolchain/10 2021.10/bin/../lib/gcc/arm-none-eabi/10.3.1/../../../../arm-none-eabi/lib/thumb/v7e-m+fp/hard\libc.a(lib_a-aeabi_memclr.o)
__aeabi_memcpy                                    c:/program files (x86)/gnu arm embedded toolchain/10 2021.10/bin/../lib/gcc/arm-none-eabi/10.3.1/../../../../arm-none-eabi/lib/thumb/v7e-m+fp/hard\libc.a(lib_a-aeabi_memcpy.o)
                                                  C:/Users/Kuju/Projects/PlaydateJai/example/.build/pdex_1_w3_no_opt.o
__aeabi_memcpy4                                   c:/program files (x86)/gnu arm embedded toolchain/10 2021.10/bin/../lib/gcc/arm-none-eabi/10.3.1/../../../../arm-none-eabi/lib/thumb/v7e-m+fp/hard\libc.a(lib_a-aeabi_memcpy.o)
__aeabi_memcpy8                                   c:/program files (x86)/gnu arm embedded toolchain/10 2021.10/bin/../lib/gcc/arm-none-eabi/10.3.1/../../../../arm-none-eabi/lib/thumb/v7e-m+fp/hard\libc.a(lib_a-aeabi_memcpy.o)
__aeabi_memset                                    c:/program files (x86)/gnu arm embedded toolchain/10 2021.10/bin/../lib/gcc/arm-none-eabi/10.3.1/../../../../arm-none-eabi/lib/thumb/v7e-m+fp/hard\libc.a(lib_a-aeabi_memset-soft.o)
                                                  c:/program files (x86)/gnu arm embedded toolchain/10 2021.10/bin/../lib/gcc/arm-none-eabi/10.3.1/../../../../arm-none-eabi/lib/thumb/v7e-m+fp/hard\libc.a(lib_a-aeabi_memclr.o)
__aeabi_memset4                                   c:/program files (x86)/gnu arm embedded toolchain/10 2021.10/bin/../lib/gcc/arm-none-eabi/10.3.1/../../../../arm-none-eabi/lib/thumb/v7e-m+fp/hard\libc.a(lib_a-aeabi_memset-soft.o)
__aeabi_memset8                                   c:/program files (x86)/gnu arm embedded toolchain/10 2021.10/bin/../lib/gcc/arm-none-eabi/10.3.1/../../../../arm-none-eabi/lib/thumb/v7e-m+fp/hard\libc.a(lib_a-aeabi_memset-soft.o)
__aeabi_unwind_cpp_pr0                            c:/program files (x86)/gnu arm embedded toolchain/10 2021.10/bin/../lib/gcc/arm-none-eabi/10.3.1/thumb/v7e-m+fp/hard\libgcc.a(unwind-arm.o)
                                                  c:/program files (x86)/gnu arm embedded toolchain/10 2021.10/bin/../lib/gcc/arm-none-eabi/10.3.1/thumb/v7e-m+fp/hard\libgcc.a(pr-support.o)
                                                  C:/Users/Kuju/Projects/PlaydateJai/example/.build/pdex_3_w3_no_opt.o
                                                  C:/Users/Kuju/Projects/PlaydateJai/example/.build/pdex_2_w3_no_opt.o
                                                  C:/Users/Kuju/Projects/PlaydateJai/example/.build/pdex_1_w3_no_opt.o
                                                  C:/Users/Kuju/Projects/PlaydateJai/example/.build/pdex_0_w3_no_opt.o
__aeabi_unwind_cpp_pr1                            c:/program files (x86)/gnu arm embedded toolchain/10 2021.10/bin/../lib/gcc/arm-none-eabi/10.3.1/thumb/v7e-m+fp/hard\libgcc.a(unwind-arm.o)
                                                  c:/program files (x86)/gnu arm embedded toolchain/10 2021.10/bin/../lib/gcc/arm-none-eabi/10.3.1/thumb/v7e-m+fp/hard\libgcc.a(pr-support.o)
                                                  C:/Users/Kuju/Projects/PlaydateJai/example/.build/pdex_3_w3_no_opt.o
                                                  C:/Users/Kuju/Projects/PlaydateJai/example/.build/pdex_2_w3_no_opt.o
                                                  C:/Users/Kuju/Projects/PlaydateJai/example/.build/pdex_1_w3_no_opt.o
                                                  C:/Users/Kuju/Projects/PlaydateJai/example/.build/pdex_0_w3_no_opt.o
__aeabi_unwind_cpp_pr2                            c:/program files (x86)/gnu arm embedded toolchain/10 2021.10/bin/../lib/gcc/arm-none-eabi/10.3.1/thumb/v7e-m+fp/hard\libgcc.a(unwind-arm.o)
__arithmetic_overflow_b00000077                   C:/Users/Kuju/Projects/PlaydateJai/example/.build/pdex_1_w3_no_opt.o
__array_bounds_check_fail_b00000074               C:/Users/Kuju/Projects/PlaydateJai/example/.build/pdex_0_w3_no_opt.o
__cast_bounds_check_fail_b00000075                C:/Users/Kuju/Projects/PlaydateJai/example/.build/pdex_3_w3_no_opt.o
                                                  C:/Users/Kuju/Projects/PlaydateJai/example/.build/pdex_1_w3_no_opt.o
__cxa_begin_cleanup                               c:/program files (x86)/gnu arm embedded toolchain/10 2021.10/bin/../lib/gcc/arm-none-eabi/10.3.1/thumb/v7e-m+fp/hard\libgcc.a(unwind-arm.o)
__cxa_call_unexpected                             c:/program files (x86)/gnu arm embedded toolchain/10 2021.10/bin/../lib/gcc/arm-none-eabi/10.3.1/thumb/v7e-m+fp/hard\libgcc.a(unwind-arm.o)
__cxa_type_match                                  c:/program files (x86)/gnu arm embedded toolchain/10 2021.10/bin/../lib/gcc/arm-none-eabi/10.3.1/thumb/v7e-m+fp/hard\libgcc.a(unwind-arm.o)
__element_duplicate_b00000073                     C:/Users/Kuju/Projects/PlaydateJai/example/.build/pdex_1_w3_no_opt.o
__exidx_end                                       C:/Users/Kuju/Projects/PlaydateJai/example/.build/pdex_2_w3_no_opt.o
                                                  c:/program files (x86)/gnu arm embedded toolchain/10 2021.10/bin/../lib/gcc/arm-none-eabi/10.3.1/thumb/v7e-m+fp/hard\libgcc.a(unwind-arm.o)
__exidx_end_500000330                             C:/Users/Kuju/Projects/PlaydateJai/example/.build/pdex_2_w3_no_opt.o
__exidx_start                                     C:/Users/Kuju/Projects/PlaydateJai/example/.build/pdex_3_w3_no_opt.o
                                                  c:/program files (x86)/gnu arm embedded toolchain/10 2021.10/bin/../lib/gcc/arm-none-eabi/10.3.1/thumb/v7e-m+fp/hard\libgcc.a(unwind-arm.o)
__exidx_start_50000032f                           C:/Users/Kuju/Projects/PlaydateJai/example/.build/pdex_3_w3_no_opt.o
__gnu_Unwind_Backtrace                            c:/program files (x86)/gnu arm embedded toolchain/10 2021.10/bin/../lib/gcc/arm-none-eabi/10.3.1/thumb/v7e-m+fp/hard\libgcc.a(unwind-arm.o)
                                                  c:/program files (x86)/gnu arm embedded toolchain/10 2021.10/bin/../lib/gcc/arm-none-eabi/10.3.1/thumb/v7e-m+fp/hard\libgcc.a(libunwind.o)
__gnu_Unwind_Find_exidx                           c:/program files (x86)/gnu arm embedded toolchain/10 2021.10/bin/../lib/gcc/arm-none-eabi/10.3.1/thumb/v7e-m+fp/hard\libgcc.a(unwind-arm.o)
__gnu_Unwind_ForcedUnwind                         c:/program files (x86)/gnu arm embedded toolchain/10 2021.10/bin/../lib/gcc/arm-none-eabi/10.3.1/thumb/v7e-m+fp/hard\libgcc.a(unwind-arm.o)
                                                  c:/program files (x86)/gnu arm embedded toolchain/10 2021.10/bin/../lib/gcc/arm-none-eabi/10.3.1/thumb/v7e-m+fp/hard\libgcc.a(libunwind.o)
__gnu_Unwind_RaiseException                       c:/program files (x86)/gnu arm embedded toolchain/10 2021.10/bin/../lib/gcc/arm-none-eabi/10.3.1/thumb/v7e-m+fp/hard\libgcc.a(unwind-arm.o)
                                                  c:/program files (x86)/gnu arm embedded toolchain/10 2021.10/bin/../lib/gcc/arm-none-eabi/10.3.1/thumb/v7e-m+fp/hard\libgcc.a(libunwind.o)
__gnu_Unwind_Restore_VFP                          c:/program files (x86)/gnu arm embedded toolchain/10 2021.10/bin/../lib/gcc/arm-none-eabi/10.3.1/thumb/v7e-m+fp/hard\libgcc.a(libunwind.o)
                                                  c:/program files (x86)/gnu arm embedded toolchain/10 2021.10/bin/../lib/gcc/arm-none-eabi/10.3.1/thumb/v7e-m+fp/hard\libgcc.a(unwind-arm.o)
__gnu_Unwind_Restore_VFP_D                        c:/program files (x86)/gnu arm embedded toolchain/10 2021.10/bin/../lib/gcc/arm-none-eabi/10.3.1/thumb/v7e-m+fp/hard\libgcc.a(libunwind.o)
                                                  c:/program files (x86)/gnu arm embedded toolchain/10 2021.10/bin/../lib/gcc/arm-none-eabi/10.3.1/thumb/v7e-m+fp/hard\libgcc.a(unwind-arm.o)
__gnu_Unwind_Restore_VFP_D_16_to_31               c:/program files (x86)/gnu arm embedded toolchain/10 2021.10/bin/../lib/gcc/arm-none-eabi/10.3.1/thumb/v7e-m+fp/hard\libgcc.a(libunwind.o)
                                                  c:/program files (x86)/gnu arm embedded toolchain/10 2021.10/bin/../lib/gcc/arm-none-eabi/10.3.1/thumb/v7e-m+fp/hard\libgcc.a(unwind-arm.o)
__gnu_Unwind_Restore_WMMXC                        c:/program files (x86)/gnu arm embedded toolchain/10 2021.10/bin/../lib/gcc/arm-none-eabi/10.3.1/thumb/v7e-m+fp/hard\libgcc.a(libunwind.o)
                                                  c:/program files (x86)/gnu arm embedded toolchain/10 2021.10/bin/../lib/gcc/arm-none-eabi/10.3.1/thumb/v7e-m+fp/hard\libgcc.a(unwind-arm.o)
__gnu_Unwind_Restore_WMMXD                        c:/program files (x86)/gnu arm embedded toolchain/10 2021.10/bin/../lib/gcc/arm-none-eabi/10.3.1/thumb/v7e-m+fp/hard\libgcc.a(libunwind.o)
                                                  c:/program files (x86)/gnu arm embedded toolchain/10 2021.10/bin/../lib/gcc/arm-none-eabi/10.3.1/thumb/v7e-m+fp/hard\libgcc.a(unwind-arm.o)
__gnu_Unwind_Resume                               c:/program files (x86)/gnu arm embedded toolchain/10 2021.10/bin/../lib/gcc/arm-none-eabi/10.3.1/thumb/v7e-m+fp/hard\libgcc.a(unwind-arm.o)
                                                  c:/program files (x86)/gnu arm embedded toolchain/10 2021.10/bin/../lib/gcc/arm-none-eabi/10.3.1/thumb/v7e-m+fp/hard\libgcc.a(libunwind.o)
__gnu_Unwind_Resume_or_Rethrow                    c:/program files (x86)/gnu arm embedded toolchain/10 2021.10/bin/../lib/gcc/arm-none-eabi/10.3.1/thumb/v7e-m+fp/hard\libgcc.a(unwind-arm.o)
                                                  c:/program files (x86)/gnu arm embedded toolchain/10 2021.10/bin/../lib/gcc/arm-none-eabi/10.3.1/thumb/v7e-m+fp/hard\libgcc.a(libunwind.o)
__gnu_Unwind_Save_VFP                             c:/program files (x86)/gnu arm embedded toolchain/10 2021.10/bin/../lib/gcc/arm-none-eabi/10.3.1/thumb/v7e-m+fp/hard\libgcc.a(libunwind.o)
                                                  c:/program files (x86)/gnu arm embedded toolchain/10 2021.10/bin/../lib/gcc/arm-none-eabi/10.3.1/thumb/v7e-m+fp/hard\libgcc.a(unwind-arm.o)
__gnu_Unwind_Save_VFP_D                           c:/program files (x86)/gnu arm embedded toolchain/10 2021.10/bin/../lib/gcc/arm-none-eabi/10.3.1/thumb/v7e-m+fp/hard\libgcc.a(libunwind.o)
                                                  c:/program files (x86)/gnu arm embedded toolchain/10 2021.10/bin/../lib/gcc/arm-none-eabi/10.3.1/thumb/v7e-m+fp/hard\libgcc.a(unwind-arm.o)
__gnu_Unwind_Save_VFP_D_16_to_31                  c:/program files (x86)/gnu arm embedded toolchain/10 2021.10/bin/../lib/gcc/arm-none-eabi/10.3.1/thumb/v7e-m+fp/hard\libgcc.a(libunwind.o)
                                                  c:/program files (x86)/gnu arm embedded toolchain/10 2021.10/bin/../lib/gcc/arm-none-eabi/10.3.1/thumb/v7e-m+fp/hard\libgcc.a(unwind-arm.o)
__gnu_Unwind_Save_WMMXC                           c:/program files (x86)/gnu arm embedded toolchain/10 2021.10/bin/../lib/gcc/arm-none-eabi/10.3.1/thumb/v7e-m+fp/hard\libgcc.a(libunwind.o)
                                                  c:/program files (x86)/gnu arm embedded toolchain/10 2021.10/bin/../lib/gcc/arm-none-eabi/10.3.1/thumb/v7e-m+fp/hard\libgcc.a(unwind-arm.o)
__gnu_Unwind_Save_WMMXD                           c:/program files (x86)/gnu arm embedded toolchain/10 2021.10/bin/../lib/gcc/arm-none-eabi/10.3.1/thumb/v7e-m+fp/hard\libgcc.a(libunwind.o)
                                                  c:/program files (x86)/gnu arm embedded toolchain/10 2021.10/bin/../lib/gcc/arm-none-eabi/10.3.1/thumb/v7e-m+fp/hard\libgcc.a(unwind-arm.o)
__gnu_unwind_execute                              c:/program files (x86)/gnu arm embedded toolchain/10 2021.10/bin/../lib/gcc/arm-none-eabi/10.3.1/thumb/v7e-m+fp/hard\libgcc.a(pr-support.o)
                                                  c:/program files (x86)/gnu arm embedded toolchain/10 2021.10/bin/../lib/gcc/arm-none-eabi/10.3.1/thumb/v7e-m+fp/hard\libgcc.a(unwind-arm.o)
__gnu_unwind_frame                                c:/program files (x86)/gnu arm embedded toolchain/10 2021.10/bin/../lib/gcc/arm-none-eabi/10.3.1/thumb/v7e-m+fp/hard\libgcc.a(pr-support.o)
__literals                                        C:/Users/Kuju/Projects/PlaydateJai/example/.build/pdex_0_w3_no_opt.o
                                                  C:/Users/Kuju/Projects/PlaydateJai/example/.build/pdex_3_w3_no_opt.o
                                                  C:/Users/Kuju/Projects/PlaydateJai/example/.build/pdex_2_w3_no_opt.o
                                                  C:/Users/Kuju/Projects/PlaydateJai/example/.build/pdex_1_w3_no_opt.o
__lock___arc4random_mutex                         c:/program files (x86)/gnu arm embedded toolchain/10 2021.10/bin/../lib/gcc/arm-none-eabi/10.3.1/../../../../arm-none-eabi/lib/thumb/v7e-m+fp/hard\libc.a(lib_a-lock.o)
__lock___at_quick_exit_mutex                      c:/program files (x86)/gnu arm embedded toolchain/10 2021.10/bin/../lib/gcc/arm-none-eabi/10.3.1/../../../../arm-none-eabi/lib/thumb/v7e-m+fp/hard\libc.a(lib_a-lock.o)
__lock___atexit_recursive_mutex                   c:/program files (x86)/gnu arm embedded toolchain/10 2021.10/bin/../lib/gcc/arm-none-eabi/10.3.1/../../../../arm-none-eabi/lib/thumb/v7e-m+fp/hard\libc.a(lib_a-lock.o)
__lock___dd_hash_mutex                            c:/program files (x86)/gnu arm embedded toolchain/10 2021.10/bin/../lib/gcc/arm-none-eabi/10.3.1/../../../../arm-none-eabi/lib/thumb/v7e-m+fp/hard\libc.a(lib_a-lock.o)
__lock___env_recursive_mutex                      c:/program files (x86)/gnu arm embedded toolchain/10 2021.10/bin/../lib/gcc/arm-none-eabi/10.3.1/../../../../arm-none-eabi/lib/thumb/v7e-m+fp/hard\libc.a(lib_a-lock.o)
__lock___malloc_recursive_mutex                   c:/program files (x86)/gnu arm embedded toolchain/10 2021.10/bin/../lib/gcc/arm-none-eabi/10.3.1/../../../../arm-none-eabi/lib/thumb/v7e-m+fp/hard\libc.a(lib_a-lock.o)
                                                  c:/program files (x86)/gnu arm embedded toolchain/10 2021.10/bin/../lib/gcc/arm-none-eabi/10.3.1/../../../../arm-none-eabi/lib/thumb/v7e-m+fp/hard\libc.a(lib_a-mlock.o)
__lock___sfp_recursive_mutex                      c:/program files (x86)/gnu arm embedded toolchain/10 2021.10/bin/../lib/gcc/arm-none-eabi/10.3.1/../../../../arm-none-eabi/lib/thumb/v7e-m+fp/hard\libc.a(lib_a-lock.o)
__lock___sinit_recursive_mutex                    c:/program files (x86)/gnu arm embedded toolchain/10 2021.10/bin/../lib/gcc/arm-none-eabi/10.3.1/../../../../arm-none-eabi/lib/thumb/v7e-m+fp/hard\libc.a(lib_a-lock.o)
__lock___tz_mutex                                 c:/program files (x86)/gnu arm embedded toolchain/10 2021.10/bin/../lib/gcc/arm-none-eabi/10.3.1/../../../../arm-none-eabi/lib/thumb/v7e-m+fp/hard\libc.a(lib_a-lock.o)
__malloc_av_                                      c:/program files (x86)/gnu arm embedded toolchain/10 2021.10/bin/../lib/gcc/arm-none-eabi/10.3.1/../../../../arm-none-eabi/lib/thumb/v7e-m+fp/hard\libc.a(lib_a-mallocr.o)
                                                  c:/program files (x86)/gnu arm embedded toolchain/10 2021.10/bin/../lib/gcc/arm-none-eabi/10.3.1/../../../../arm-none-eabi/lib/thumb/v7e-m+fp/hard\libc.a(lib_a-freer.o)
__malloc_current_mallinfo                         c:/program files (x86)/gnu arm embedded toolchain/10 2021.10/bin/../lib/gcc/arm-none-eabi/10.3.1/../../../../arm-none-eabi/lib/thumb/v7e-m+fp/hard\libc.a(lib_a-mallocr.o)
                                                  c:/program files (x86)/gnu arm embedded toolchain/10 2021.10/bin/../lib/gcc/arm-none-eabi/10.3.1/../../../../arm-none-eabi/lib/thumb/v7e-m+fp/hard\libc.a(lib_a-freer.o)
__malloc_lock                                     c:/program files (x86)/gnu arm embedded toolchain/10 2021.10/bin/../lib/gcc/arm-none-eabi/10.3.1/../../../../arm-none-eabi/lib/thumb/v7e-m+fp/hard\libc.a(lib_a-mlock.o)
                                                  c:/program files (x86)/gnu arm embedded toolchain/10 2021.10/bin/../lib/gcc/arm-none-eabi/10.3.1/../../../../arm-none-eabi/lib/thumb/v7e-m+fp/hard\libc.a(lib_a-freer.o)
                                                  c:/program files (x86)/gnu arm embedded toolchain/10 2021.10/bin/../lib/gcc/arm-none-eabi/10.3.1/../../../../arm-none-eabi/lib/thumb/v7e-m+fp/hard\libc.a(lib_a-mallocr.o)
__malloc_max_sbrked_mem                           c:/program files (x86)/gnu arm embedded toolchain/10 2021.10/bin/../lib/gcc/arm-none-eabi/10.3.1/../../../../arm-none-eabi/lib/thumb/v7e-m+fp/hard\libc.a(lib_a-mallocr.o)
__malloc_max_total_mem                            c:/program files (x86)/gnu arm embedded toolchain/10 2021.10/bin/../lib/gcc/arm-none-eabi/10.3.1/../../../../arm-none-eabi/lib/thumb/v7e-m+fp/hard\libc.a(lib_a-mallocr.o)
__malloc_sbrk_base                                c:/program files (x86)/gnu arm embedded toolchain/10 2021.10/bin/../lib/gcc/arm-none-eabi/10.3.1/../../../../arm-none-eabi/lib/thumb/v7e-m+fp/hard\libc.a(lib_a-mallocr.o)
                                                  c:/program files (x86)/gnu arm embedded toolchain/10 2021.10/bin/../lib/gcc/arm-none-eabi/10.3.1/../../../../arm-none-eabi/lib/thumb/v7e-m+fp/hard\libc.a(lib_a-freer.o)
__malloc_top_pad                                  c:/program files (x86)/gnu arm embedded toolchain/10 2021.10/bin/../lib/gcc/arm-none-eabi/10.3.1/../../../../arm-none-eabi/lib/thumb/v7e-m+fp/hard\libc.a(lib_a-mallocr.o)
                                                  c:/program files (x86)/gnu arm embedded toolchain/10 2021.10/bin/../lib/gcc/arm-none-eabi/10.3.1/../../../../arm-none-eabi/lib/thumb/v7e-m+fp/hard\libc.a(lib_a-freer.o)
__malloc_trim_threshold                           c:/program files (x86)/gnu arm embedded toolchain/10 2021.10/bin/../lib/gcc/arm-none-eabi/10.3.1/../../../../arm-none-eabi/lib/thumb/v7e-m+fp/hard\libc.a(lib_a-mallocr.o)
                                                  c:/program files (x86)/gnu arm embedded toolchain/10 2021.10/bin/../lib/gcc/arm-none-eabi/10.3.1/../../../../arm-none-eabi/lib/thumb/v7e-m+fp/hard\libc.a(lib_a-freer.o)
__malloc_unlock                                   c:/program files (x86)/gnu arm embedded toolchain/10 2021.10/bin/../lib/gcc/arm-none-eabi/10.3.1/../../../../arm-none-eabi/lib/thumb/v7e-m+fp/hard\libc.a(lib_a-mlock.o)
                                                  c:/program files (x86)/gnu arm embedded toolchain/10 2021.10/bin/../lib/gcc/arm-none-eabi/10.3.1/../../../../arm-none-eabi/lib/thumb/v7e-m+fp/hard\libc.a(lib_a-freer.o)
                                                  c:/program files (x86)/gnu arm embedded toolchain/10 2021.10/bin/../lib/gcc/arm-none-eabi/10.3.1/../../../../arm-none-eabi/lib/thumb/v7e-m+fp/hard\libc.a(lib_a-mallocr.o)
__null_pointer_check_fail_b00000076               C:/Users/Kuju/Projects/PlaydateJai/example/.build/pdex_2_w3_no_opt.o
__panic_due_to_runtime_call_of_compile_time_procedure_b00000079 C:/Users/Kuju/Projects/PlaydateJai/example/.build/pdex_3_w3_no_opt.o
__procedure_1b00000001                            C:/Users/Kuju/Projects/PlaydateJai/example/.build/pdex_0_w3_no_opt.o
__procedure_1b00000002                            C:/Users/Kuju/Projects/PlaydateJai/example/.build/pdex_3_w3_no_opt.o
                                                  C:/Users/Kuju/Projects/PlaydateJai/example/.build/pdex_0_w3_no_opt.o
__procedure_1b00000003                            C:/Users/Kuju/Projects/PlaydateJai/example/.build/pdex_2_w3_no_opt.o
                                                  C:/Users/Kuju/Projects/PlaydateJai/example/.build/pdex_0_w3_no_opt.o
__restore_core_regs                               c:/program files (x86)/gnu arm embedded toolchain/10 2021.10/bin/../lib/gcc/arm-none-eabi/10.3.1/thumb/v7e-m+fp/hard\libgcc.a(libunwind.o)
__retarget_lock_acquire                           c:/program files (x86)/gnu arm embedded toolchain/10 2021.10/bin/../lib/gcc/arm-none-eabi/10.3.1/../../../../arm-none-eabi/lib/thumb/v7e-m+fp/hard\libc.a(lib_a-lock.o)
__retarget_lock_acquire_recursive                 c:/program files (x86)/gnu arm embedded toolchain/10 2021.10/bin/../lib/gcc/arm-none-eabi/10.3.1/../../../../arm-none-eabi/lib/thumb/v7e-m+fp/hard\libc.a(lib_a-lock.o)
                                                  c:/program files (x86)/gnu arm embedded toolchain/10 2021.10/bin/../lib/gcc/arm-none-eabi/10.3.1/../../../../arm-none-eabi/lib/thumb/v7e-m+fp/hard\libc.a(lib_a-mlock.o)
__retarget_lock_close                             c:/program files (x86)/gnu arm embedded toolchain/10 2021.10/bin/../lib/gcc/arm-none-eabi/10.3.1/../../../../arm-none-eabi/lib/thumb/v7e-m+fp/hard\libc.a(lib_a-lock.o)
__retarget_lock_close_recursive                   c:/program files (x86)/gnu arm embedded toolchain/10 2021.10/bin/../lib/gcc/arm-none-eabi/10.3.1/../../../../arm-none-eabi/lib/thumb/v7e-m+fp/hard\libc.a(lib_a-lock.o)
__retarget_lock_init                              c:/program files (x86)/gnu arm embedded toolchain/10 2021.10/bin/../lib/gcc/arm-none-eabi/10.3.1/../../../../arm-none-eabi/lib/thumb/v7e-m+fp/hard\libc.a(lib_a-lock.o)
__retarget_lock_init_recursive                    c:/program files (x86)/gnu arm embedded toolchain/10 2021.10/bin/../lib/gcc/arm-none-eabi/10.3.1/../../../../arm-none-eabi/lib/thumb/v7e-m+fp/hard\libc.a(lib_a-lock.o)
__retarget_lock_release                           c:/program files (x86)/gnu arm embedded toolchain/10 2021.10/bin/../lib/gcc/arm-none-eabi/10.3.1/../../../../arm-none-eabi/lib/thumb/v7e-m+fp/hard\libc.a(lib_a-lock.o)
__retarget_lock_release_recursive                 c:/program files (x86)/gnu arm embedded toolchain/10 2021.10/bin/../lib/gcc/arm-none-eabi/10.3.1/../../../../arm-none-eabi/lib/thumb/v7e-m+fp/hard\libc.a(lib_a-lock.o)
                                                  c:/program files (x86)/gnu arm embedded toolchain/10 2021.10/bin/../lib/gcc/arm-none-eabi/10.3.1/../../../../arm-none-eabi/lib/thumb/v7e-m+fp/hard\libc.a(lib_a-mlock.o)
__retarget_lock_try_acquire                       c:/program files (x86)/gnu arm embedded toolchain/10 2021.10/bin/../lib/gcc/arm-none-eabi/10.3.1/../../../../arm-none-eabi/lib/thumb/v7e-m+fp/hard\libc.a(lib_a-lock.o)
__retarget_lock_try_acquire_recursive             c:/program files (x86)/gnu arm embedded toolchain/10 2021.10/bin/../lib/gcc/arm-none-eabi/10.3.1/../../../../arm-none-eabi/lib/thumb/v7e-m+fp/hard\libc.a(lib_a-lock.o)
__runtime_info                                    C:/Users/Kuju/Projects/PlaydateJai/example/.build/pdex_0_w3_no_opt.o
__sigtramp                                        c:/program files (x86)/gnu arm embedded toolchain/10 2021.10/bin/../lib/gcc/arm-none-eabi/10.3.1/../../../../arm-none-eabi/lib/thumb/v7e-m+fp/hard\libc.a(lib_a-signal.o)
__sigtramp_r                                      c:/program files (x86)/gnu arm embedded toolchain/10 2021.10/bin/../lib/gcc/arm-none-eabi/10.3.1/../../../../arm-none-eabi/lib/thumb/v7e-m+fp/hard\libc.a(lib_a-signal.o)
_bss_base                                         C:/Users/Kuju/Projects/PlaydateJai/example/.build/pdex_0_w3_no_opt.o
                                                  C:/Users/Kuju/Projects/PlaydateJai/example/.build/pdex_3_w3_no_opt.o
                                                  C:/Users/Kuju/Projects/PlaydateJai/example/.build/pdex_2_w3_no_opt.o
                                                  C:/Users/Kuju/Projects/PlaydateJai/example/.build/pdex_1_w3_no_opt.o
_exit                                             C:/Users/Kuju/Projects/PlaydateJai/example/.build/pdex_2_w3_no_opt.o
                                                  c:/program files (x86)/gnu arm embedded toolchain/10 2021.10/bin/../lib/gcc/arm-none-eabi/10.3.1/../../../../arm-none-eabi/lib/thumb/v7e-m+fp/hard\libc.a(lib_a-abort.o)
_exit_50000032c                                   C:/Users/Kuju/Projects/PlaydateJai/example/.build/pdex_2_w3_no_opt.o
_free_r                                           c:/program files (x86)/gnu arm embedded toolchain/10 2021.10/bin/../lib/gcc/arm-none-eabi/10.3.1/../../../../arm-none-eabi/lib/thumb/v7e-m+fp/hard\libc.a(lib_a-freer.o)
                                                  c:/program files (x86)/gnu arm embedded toolchain/10 2021.10/bin/../lib/gcc/arm-none-eabi/10.3.1/../../../../arm-none-eabi/lib/thumb/v7e-m+fp/hard\libc.a(lib_a-reent.o)
                                                  c:/program files (x86)/gnu arm embedded toolchain/10 2021.10/bin/../lib/gcc/arm-none-eabi/10.3.1/../../../../arm-none-eabi/lib/thumb/v7e-m+fp/hard\libc.a(lib_a-mallocr.o)
_free_r_500000333                                 C:/Users/Kuju/Projects/PlaydateJai/example/.build/pdex_0_w3_no_opt.o
_getpid                                           C:/Users/Kuju/Projects/PlaydateJai/example/.build/pdex_0_w3_no_opt.o
                                                  c:/program files (x86)/gnu arm embedded toolchain/10 2021.10/bin/../lib/gcc/arm-none-eabi/10.3.1/../../../../arm-none-eabi/lib/thumb/v7e-m+fp/hard\libc.a(lib_a-signalr.o)
_getpid_50000032e                                 C:/Users/Kuju/Projects/PlaydateJai/example/.build/pdex_0_w3_no_opt.o
_getpid_r                                         c:/program files (x86)/gnu arm embedded toolchain/10 2021.10/bin/../lib/gcc/arm-none-eabi/10.3.1/../../../../arm-none-eabi/lib/thumb/v7e-m+fp/hard\libc.a(lib_a-signalr.o)
                                                  c:/program files (x86)/gnu arm embedded toolchain/10 2021.10/bin/../lib/gcc/arm-none-eabi/10.3.1/../../../../arm-none-eabi/lib/thumb/v7e-m+fp/hard\libc.a(lib_a-signal.o)
_global_data_base                                 C:/Users/Kuju/Projects/PlaydateJai/example/.build/pdex_0_w3_no_opt.o
                                                  C:/Users/Kuju/Projects/PlaydateJai/example/.build/pdex_3_w3_no_opt.o
_global_impure_ptr                                c:/program files (x86)/gnu arm embedded toolchain/10 2021.10/bin/../lib/gcc/arm-none-eabi/10.3.1/../../../../arm-none-eabi/lib/thumb/v7e-m+fp/hard\libc.a(lib_a-impure.o)
_impure_ptr                                       c:/program files (x86)/gnu arm embedded toolchain/10 2021.10/bin/../lib/gcc/arm-none-eabi/10.3.1/../../../../arm-none-eabi/lib/thumb/v7e-m+fp/hard\libc.a(lib_a-impure.o)
                                                  c:/program files (x86)/gnu arm embedded toolchain/10 2021.10/bin/../lib/gcc/arm-none-eabi/10.3.1/../../../../arm-none-eabi/lib/thumb/v7e-m+fp/hard\libc.a(lib_a-reent.o)
                                                  c:/program files (x86)/gnu arm embedded toolchain/10 2021.10/bin/../lib/gcc/arm-none-eabi/10.3.1/../../../../arm-none-eabi/lib/thumb/v7e-m+fp/hard\libc.a(lib_a-signal.o)
_init_signal                                      c:/program files (x86)/gnu arm embedded toolchain/10 2021.10/bin/../lib/gcc/arm-none-eabi/10.3.1/../../../../arm-none-eabi/lib/thumb/v7e-m+fp/hard\libc.a(lib_a-signal.o)
_init_signal_r                                    c:/program files (x86)/gnu arm embedded toolchain/10 2021.10/bin/../lib/gcc/arm-none-eabi/10.3.1/../../../../arm-none-eabi/lib/thumb/v7e-m+fp/hard\libc.a(lib_a-signal.o)
_kill                                             C:/Users/Kuju/Projects/PlaydateJai/example/.build/pdex_1_w3_no_opt.o
                                                  c:/program files (x86)/gnu arm embedded toolchain/10 2021.10/bin/../lib/gcc/arm-none-eabi/10.3.1/../../../../arm-none-eabi/lib/thumb/v7e-m+fp/hard\libc.a(lib_a-signalr.o)
_kill_50000032d                                   C:/Users/Kuju/Projects/PlaydateJai/example/.build/pdex_1_w3_no_opt.o
_kill_r                                           c:/program files (x86)/gnu arm embedded toolchain/10 2021.10/bin/../lib/gcc/arm-none-eabi/10.3.1/../../../../arm-none-eabi/lib/thumb/v7e-m+fp/hard\libc.a(lib_a-signalr.o)
                                                  c:/program files (x86)/gnu arm embedded toolchain/10 2021.10/bin/../lib/gcc/arm-none-eabi/10.3.1/../../../../arm-none-eabi/lib/thumb/v7e-m+fp/hard\libc.a(lib_a-signal.o)
_literals                                         C:/Users/Kuju/Projects/PlaydateJai/example/.build/pdex_0_w3_no_opt.o
_malloc_r                                         c:/program files (x86)/gnu arm embedded toolchain/10 2021.10/bin/../lib/gcc/arm-none-eabi/10.3.1/../../../../arm-none-eabi/lib/thumb/v7e-m+fp/hard\libc.a(lib_a-mallocr.o)
                                                  c:/program files (x86)/gnu arm embedded toolchain/10 2021.10/bin/../lib/gcc/arm-none-eabi/10.3.1/../../../../arm-none-eabi/lib/thumb/v7e-m+fp/hard\libc.a(lib_a-signal.o)
_malloc_r_500000331                               C:/Users/Kuju/Projects/PlaydateJai/example/.build/pdex_2_w3_no_opt.o
                                                  C:/Users/Kuju/Projects/PlaydateJai/example/.build/pdex_0_w3_no_opt.o
_malloc_trim_r                                    c:/program files (x86)/gnu arm embedded toolchain/10 2021.10/bin/../lib/gcc/arm-none-eabi/10.3.1/../../../../arm-none-eabi/lib/thumb/v7e-m+fp/hard\libc.a(lib_a-freer.o)
_no_reset_base                                    C:/Users/Kuju/Projects/PlaydateJai/example/.build/pdex_0_w3_no_opt.o
_raise_r                                          c:/program files (x86)/gnu arm embedded toolchain/10 2021.10/bin/../lib/gcc/arm-none-eabi/10.3.1/../../../../arm-none-eabi/lib/thumb/v7e-m+fp/hard\libc.a(lib_a-signal.o)
_realloc_r_500000332                              C:/Users/Kuju/Projects/PlaydateJai/example/.build/pdex_1_w3_no_opt.o
                                                  C:/Users/Kuju/Projects/PlaydateJai/example/.build/pdex_0_w3_no_opt.o
_reclaim_reent                                    c:/program files (x86)/gnu arm embedded toolchain/10 2021.10/bin/../lib/gcc/arm-none-eabi/10.3.1/../../../../arm-none-eabi/lib/thumb/v7e-m+fp/hard\libc.a(lib_a-reent.o)
_sbrk                                             c:/program files (x86)/gnu arm embedded toolchain/10 2021.10/bin/../lib/gcc/arm-none-eabi/10.3.1/../../../../arm-none-eabi/lib/thumb/v7e-m+fp/hard\libc.a(lib_a-sbrkr.o)
_sbrk_r                                           c:/program files (x86)/gnu arm embedded toolchain/10 2021.10/bin/../lib/gcc/arm-none-eabi/10.3.1/../../../../arm-none-eabi/lib/thumb/v7e-m+fp/hard\libc.a(lib_a-sbrkr.o)
                                                  c:/program files (x86)/gnu arm embedded toolchain/10 2021.10/bin/../lib/gcc/arm-none-eabi/10.3.1/../../../../arm-none-eabi/lib/thumb/v7e-m+fp/hard\libc.a(lib_a-freer.o)
                                                  c:/program files (x86)/gnu arm embedded toolchain/10 2021.10/bin/../lib/gcc/arm-none-eabi/10.3.1/../../../../arm-none-eabi/lib/thumb/v7e-m+fp/hard\libc.a(lib_a-mallocr.o)
_signal_r                                         c:/program files (x86)/gnu arm embedded toolchain/10 2021.10/bin/../lib/gcc/arm-none-eabi/10.3.1/../../../../arm-none-eabi/lib/thumb/v7e-m+fp/hard\libc.a(lib_a-signal.o)
_type_table_section                               C:/Users/Kuju/Projects/PlaydateJai/example/.build/pdex_0_w3_no_opt.o
                                                  C:/Users/Kuju/Projects/PlaydateJai/example/.build/pdex_2_w3_no_opt.o
abort                                             c:/program files (x86)/gnu arm embedded toolchain/10 2021.10/bin/../lib/gcc/arm-none-eabi/10.3.1/../../../../arm-none-eabi/lib/thumb/v7e-m+fp/hard\libc.a(lib_a-abort.o)
                                                  c:/program files (x86)/gnu arm embedded toolchain/10 2021.10/bin/../lib/gcc/arm-none-eabi/10.3.1/thumb/v7e-m+fp/hard\libgcc.a(pr-support.o)
                                                  c:/program files (x86)/gnu arm embedded toolchain/10 2021.10/bin/../lib/gcc/arm-none-eabi/10.3.1/thumb/v7e-m+fp/hard\libgcc.a(unwind-arm.o)
allocate_proc_50000032b                           C:/Users/Kuju/Projects/PlaydateJai/example/.build/pdex_1_w3_no_opt.o
                                                  C:/Users/Kuju/Projects/PlaydateJai/example/.build/pdex_0_w3_no_opt.o
cleanup_glue                                      c:/program files (x86)/gnu arm embedded toolchain/10 2021.10/bin/../lib/gcc/arm-none-eabi/10.3.1/../../../../arm-none-eabi/lib/thumb/v7e-m+fp/hard\libc.a(lib_a-reent.o)
errno                                             c:/program files (x86)/gnu arm embedded toolchain/10 2021.10/bin/../lib/gcc/arm-none-eabi/10.3.1/../../../../arm-none-eabi/lib/thumb/v7e-m+fp/hard\libc.a(lib_a-reent.o)
                                                  c:/program files (x86)/gnu arm embedded toolchain/10 2021.10/bin/../lib/gcc/arm-none-eabi/10.3.1/../../../../arm-none-eabi/lib/thumb/v7e-m+fp/hard\libc.a(lib_a-sbrkr.o)
                                                  c:/program files (x86)/gnu arm embedded toolchain/10 2021.10/bin/../lib/gcc/arm-none-eabi/10.3.1/../../../../arm-none-eabi/lib/thumb/v7e-m+fp/hard\libc.a(lib_a-signalr.o)
eventHandlerShim                                  C:/Users/Kuju/Projects/PlaydateJai/example/.build/pdex_3_w3_no_opt.o
eventHandlerShim_50000032a                        C:/Users/Kuju/Projects/PlaydateJai/example/.build/pdex_3_w3_no_opt.o
eventHandler_3000000d0                            C:/Users/Kuju/Projects/PlaydateJai/example/.build/pdex_0_w3_no_opt.o
                                                  C:/Users/Kuju/Projects/PlaydateJai/example/.build/pdex_3_w3_no_opt.o
get_current_workspace_110000008d                  C:/Users/Kuju/Projects/PlaydateJai/example/.build/pdex_1_w3_no_opt.o
memcpy                                            c:/program files (x86)/gnu arm embedded toolchain/10 2021.10/bin/../lib/gcc/arm-none-eabi/10.3.1/../../../../arm-none-eabi/lib/thumb/v7e-m+fp/hard\libc.a(lib_a-memcpy.o)
                                                  c:/program files (x86)/gnu arm embedded toolchain/10 2021.10/bin/../lib/gcc/arm-none-eabi/10.3.1/../../../../arm-none-eabi/lib/thumb/v7e-m+fp/hard\libc.a(lib_a-aeabi_memcpy.o)
                                                  c:/program files (x86)/gnu arm embedded toolchain/10 2021.10/bin/../lib/gcc/arm-none-eabi/10.3.1/thumb/v7e-m+fp/hard\libgcc.a(unwind-arm.o)
my_panic_b00000078                                C:/Users/Kuju/Projects/PlaydateJai/example/.build/pdex_0_w3_no_opt.o
raise                                             c:/program files (x86)/gnu arm embedded toolchain/10 2021.10/bin/../lib/gcc/arm-none-eabi/10.3.1/../../../../arm-none-eabi/lib/thumb/v7e-m+fp/hard\libc.a(lib_a-signal.o)
                                                  c:/program files (x86)/gnu arm embedded toolchain/10 2021.10/bin/../lib/gcc/arm-none-eabi/10.3.1/../../../../arm-none-eabi/lib/thumb/v7e-m+fp/hard\libc.a(lib_a-abort.o)
restore_core_regs                                 c:/program files (x86)/gnu arm embedded toolchain/10 2021.10/bin/../lib/gcc/arm-none-eabi/10.3.1/thumb/v7e-m+fp/hard\libgcc.a(libunwind.o)
                                                  c:/program files (x86)/gnu arm embedded toolchain/10 2021.10/bin/../lib/gcc/arm-none-eabi/10.3.1/thumb/v7e-m+fp/hard\libgcc.a(unwind-arm.o)
set_initial_data_b0000007a                        C:/Users/Kuju/Projects/PlaydateJai/example/.build/pdex_2_w3_no_opt.o
                                                  C:/Users/Kuju/Projects/PlaydateJai/example/.build/pdex_3_w3_no_opt.o
signal                                            c:/program files (x86)/gnu arm embedded toolchain/10 2021.10/bin/../lib/gcc/arm-none-eabi/10.3.1/../../../../arm-none-eabi/lib/thumb/v7e-m+fp/hard\libc.a(lib_a-signal.o)
update_3000000cf                                  C:/Users/Kuju/Projects/PlaydateJai/example/.build/pdex_3_w3_no_opt.o
                                                  C:/Users/Kuju/Projects/PlaydateJai/example/.build/pdex_0_w3_no_opt.o
