
Discarded input sections

 .text          0x00000000        0x0 CMakeFiles/hello_world_DEVICE.dir/src/main.c.obj
 .data          0x00000000        0x0 CMakeFiles/hello_world_DEVICE.dir/src/main.c.obj
 .bss           0x00000000        0x0 CMakeFiles/hello_world_DEVICE.dir/src/main.c.obj
 .text          0x00000000        0x0 CMakeFiles/hello_world_DEVICE.dir/C_/Program_Files/PlaydateSDK/C_API/buildsupport/setup.c.obj
 .data          0x00000000        0x0 CMakeFiles/hello_world_DEVICE.dir/C_/Program_Files/PlaydateSDK/C_API/buildsupport/setup.c.obj
 .bss           0x00000000        0x0 CMakeFiles/hello_world_DEVICE.dir/C_/Program_Files/PlaydateSDK/C_API/buildsupport/setup.c.obj
 .text._malloc_r
                0x00000000        0xc CMakeFiles/hello_world_DEVICE.dir/C_/Program_Files/PlaydateSDK/C_API/buildsupport/setup.c.obj
 .text._realloc_r
                0x00000000       0x10 CMakeFiles/hello_world_DEVICE.dir/C_/Program_Files/PlaydateSDK/C_API/buildsupport/setup.c.obj
 .text._free_r  0x00000000       0x14 CMakeFiles/hello_world_DEVICE.dir/C_/Program_Files/PlaydateSDK/C_API/buildsupport/setup.c.obj

Memory Configuration

Name             Origin             Length             Attributes
*default*        0x00000000         0xffffffff

Linker script and memory map

LOAD CMakeFiles/hello_world_DEVICE.dir/src/main.c.obj
LOAD CMakeFiles/hello_world_DEVICE.dir/C_/Program_Files/PlaydateSDK/C_API/buildsupport/setup.c.obj
START GROUP
LOAD c:/progra~2/gnuarm~1/102021~1.10/bin/../lib/gcc/arm-none-eabi/10.3.1/thumb/v7e-m+fp/hard\libgcc.a
LOAD c:/progra~2/gnuarm~1/102021~1.10/bin/../lib/gcc/arm-none-eabi/10.3.1/../../../../arm-none-eabi/lib/thumb/v7e-m+fp/hard\libg.a
LOAD c:/progra~2/gnuarm~1/102021~1.10/bin/../lib/gcc/arm-none-eabi/10.3.1/../../../../arm-none-eabi/lib/thumb/v7e-m+fp/hard\libc.a
END GROUP
START GROUP
LOAD c:/progra~2/gnuarm~1/102021~1.10/bin/../lib/gcc/arm-none-eabi/10.3.1/thumb/v7e-m+fp/hard\libgcc.a
LOAD c:/progra~2/gnuarm~1/102021~1.10/bin/../lib/gcc/arm-none-eabi/10.3.1/../../../../arm-none-eabi/lib/thumb/v7e-m+fp/hard\libc.a
LOAD c:/progra~2/gnuarm~1/102021~1.10/bin/../lib/gcc/arm-none-eabi/10.3.1/../../../../arm-none-eabi/lib/thumb/v7e-m+fp/hard\libm.a
END GROUP

.text           0x00000000      0x1a9
 *(.text)
 *(.text.*)
 .text.update   0x00000000       0x84 CMakeFiles/hello_world_DEVICE.dir/src/main.c.obj
 *fill*         0x00000084        0xc 
 .text.eventHandler
                0x00000090       0x58 CMakeFiles/hello_world_DEVICE.dir/src/main.c.obj
                0x00000090                eventHandler
 *fill*         0x000000e8        0x8 
 .text.eventHandlerShim
                0x000000f0       0x1c CMakeFiles/hello_world_DEVICE.dir/C_/Program_Files/PlaydateSDK/C_API/buildsupport/setup.c.obj
                0x000000f0                eventHandlerShim
 *(.init)
 *(.fini)
 *crtbegin.o(.ctors)
 *crtbegin?.o(.ctors)
 *(EXCLUDE_FILE(*crtend.o *crtend?.o) .ctors)
 *(SORT_BY_NAME(.ctors.*))
 *(.ctors)
 *crtbegin.o(.dtors)
 *crtbegin?.o(.dtors)
 *(EXCLUDE_FILE(*crtend.o *crtend?.o) .dtors)
 *(SORT_BY_NAME(.dtors.*))
 *(.dtors)
 *(.rodata*)
 .rodata.update.str1.4
                0x0000010c        0xd CMakeFiles/hello_world_DEVICE.dir/src/main.c.obj
 *fill*         0x00000119        0x3 
 .rodata.eventHandler.str1.4
                0x0000011c       0x64 CMakeFiles/hello_world_DEVICE.dir/src/main.c.obj
 .rodata.str1.4
                0x00000180       0x29 CMakeFiles/hello_world_DEVICE.dir/src/main.c.obj
 *(.eh_frame*)

.glue_7         0x000001ac        0x0
 .glue_7        0x000001ac        0x0 linker stubs

.glue_7t        0x000001ac        0x0
 .glue_7t       0x000001ac        0x0 linker stubs

.vfp11_veneer   0x000001ac        0x0
 .vfp11_veneer  0x000001ac        0x0 linker stubs

.v4_bx          0x000001ac        0x0
 .v4_bx         0x000001ac        0x0 linker stubs

.iplt           0x000001ac        0x0
 .iplt          0x000001ac        0x0 CMakeFiles/hello_world_DEVICE.dir/src/main.c.obj

.rel.dyn        0x000001ac        0x0
 .rel.iplt      0x000001ac        0x0 CMakeFiles/hello_world_DEVICE.dir/src/main.c.obj

.data           0x000001ac       0x14
                0x000001ac                __etext = .
                0x000001ac                __data_start__ = .
 *(vtable)
 *(.data*)
 .data.dx       0x000001ac        0x4 CMakeFiles/hello_world_DEVICE.dir/src/main.c.obj
                0x000001ac                dx
 .data.dy       0x000001b0        0x4 CMakeFiles/hello_world_DEVICE.dir/src/main.c.obj
                0x000001b0                dy
 .data.fontpath
                0x000001b4        0x4 CMakeFiles/hello_world_DEVICE.dir/src/main.c.obj
                0x000001b4                fontpath
 .data.x        0x000001b8        0x4 CMakeFiles/hello_world_DEVICE.dir/src/main.c.obj
                0x000001b8                x
 .data.y        0x000001bc        0x4 CMakeFiles/hello_world_DEVICE.dir/src/main.c.obj
                0x000001bc                y
                0x000001c0                . = ALIGN (0x4)
                [!provide]                PROVIDE (__preinit_array_start = .)
 *(.preinit_array)
                [!provide]                PROVIDE (__preinit_array_end = .)
                0x000001c0                . = ALIGN (0x4)
                [!provide]                PROVIDE (__init_array_start = .)
 *(SORT_BY_NAME(.init_array.*))
 *(.init_array)
                [!provide]                PROVIDE (__init_array_end = .)
                0x000001c0                . = ALIGN (0x4)
                [!provide]                PROVIDE (__fini_array_start = .)
 *(SORT_BY_NAME(.fini_array.*))
 *(.fini_array)
                [!provide]                PROVIDE (__fini_array_end = .)
                0x000001c0                . = ALIGN (0x4)
                0x000001c0                __data_end__ = .

.igot.plt       0x000001c0        0x0
 .igot.plt      0x000001c0        0x0 CMakeFiles/hello_world_DEVICE.dir/src/main.c.obj

.bss            0x000001c0        0x8
                0x000001c0                . = ALIGN (0x4)
                0x000001c0                __bss_start__ = .
 *(.bss*)
 .bss.font      0x000001c0        0x4 CMakeFiles/hello_world_DEVICE.dir/src/main.c.obj
                0x000001c0                font
 .bss.pdrealloc
                0x000001c4        0x4 CMakeFiles/hello_world_DEVICE.dir/C_/Program_Files/PlaydateSDK/C_API/buildsupport/setup.c.obj
 *(COMMON)
 *(COM)
                0x000001c8                . = ALIGN (0x4)
                0x000001c8                __bss_end__ = .

/DISCARD/
 *(.ARM.exidx)
OUTPUT(hello_world_DEVICE.elf elf32-littlearm)
LOAD linker stubs

.debug_info     0x00000000     0xc4d9
 .debug_info    0x00000000     0x5dc7 CMakeFiles/hello_world_DEVICE.dir/src/main.c.obj
 .debug_info    0x00005dc7     0x6712 CMakeFiles/hello_world_DEVICE.dir/C_/Program_Files/PlaydateSDK/C_API/buildsupport/setup.c.obj

.debug_abbrev   0x00000000      0x5e1
 .debug_abbrev  0x00000000      0x2d1 CMakeFiles/hello_world_DEVICE.dir/src/main.c.obj
 .debug_abbrev  0x000002d1      0x310 CMakeFiles/hello_world_DEVICE.dir/C_/Program_Files/PlaydateSDK/C_API/buildsupport/setup.c.obj

.debug_loc      0x00000000      0x3cb
 .debug_loc     0x00000000      0x1af CMakeFiles/hello_world_DEVICE.dir/src/main.c.obj
 .debug_loc     0x000001af      0x21c CMakeFiles/hello_world_DEVICE.dir/C_/Program_Files/PlaydateSDK/C_API/buildsupport/setup.c.obj

.debug_aranges  0x00000000       0x60
 .debug_aranges
                0x00000000       0x28 CMakeFiles/hello_world_DEVICE.dir/src/main.c.obj
 .debug_aranges
                0x00000028       0x38 CMakeFiles/hello_world_DEVICE.dir/C_/Program_Files/PlaydateSDK/C_API/buildsupport/setup.c.obj

.debug_ranges   0x00000000       0x68
 .debug_ranges  0x00000000       0x40 CMakeFiles/hello_world_DEVICE.dir/src/main.c.obj
 .debug_ranges  0x00000040       0x28 CMakeFiles/hello_world_DEVICE.dir/C_/Program_Files/PlaydateSDK/C_API/buildsupport/setup.c.obj

.debug_line     0x00000000      0x6f2
 .debug_line    0x00000000      0x394 CMakeFiles/hello_world_DEVICE.dir/src/main.c.obj
 .debug_line    0x00000394      0x35e CMakeFiles/hello_world_DEVICE.dir/C_/Program_Files/PlaydateSDK/C_API/buildsupport/setup.c.obj

.debug_str      0x00000000     0x2e0b
 .debug_str     0x00000000     0x29db CMakeFiles/hello_world_DEVICE.dir/src/main.c.obj
                               0x2bfc (size before relaxing)
 .debug_str     0x000029db      0x430 CMakeFiles/hello_world_DEVICE.dir/C_/Program_Files/PlaydateSDK/C_API/buildsupport/setup.c.obj
                               0x2fed (size before relaxing)

.comment        0x00000000       0x49
 .comment       0x00000000       0x49 CMakeFiles/hello_world_DEVICE.dir/src/main.c.obj
                                 0x4a (size before relaxing)
 .comment       0x00000049       0x4a CMakeFiles/hello_world_DEVICE.dir/C_/Program_Files/PlaydateSDK/C_API/buildsupport/setup.c.obj

.ARM.attributes
                0x00000000       0x34
 .ARM.attributes
                0x00000000       0x34 CMakeFiles/hello_world_DEVICE.dir/src/main.c.obj
 .ARM.attributes
                0x00000034       0x34 CMakeFiles/hello_world_DEVICE.dir/C_/Program_Files/PlaydateSDK/C_API/buildsupport/setup.c.obj

.debug_frame    0x00000000       0xc0
 .debug_frame   0x00000000       0x64 CMakeFiles/hello_world_DEVICE.dir/src/main.c.obj
 .debug_frame   0x00000064       0x5c CMakeFiles/hello_world_DEVICE.dir/C_/Program_Files/PlaydateSDK/C_API/buildsupport/setup.c.obj

Cross Reference Table

Symbol                                            File
_free_r                                           CMakeFiles/hello_world_DEVICE.dir/C_/Program_Files/PlaydateSDK/C_API/buildsupport/setup.c.obj
_malloc_r                                         CMakeFiles/hello_world_DEVICE.dir/C_/Program_Files/PlaydateSDK/C_API/buildsupport/setup.c.obj
_realloc_r                                        CMakeFiles/hello_world_DEVICE.dir/C_/Program_Files/PlaydateSDK/C_API/buildsupport/setup.c.obj
dx                                                CMakeFiles/hello_world_DEVICE.dir/src/main.c.obj
dy                                                CMakeFiles/hello_world_DEVICE.dir/src/main.c.obj
eventHandler                                      CMakeFiles/hello_world_DEVICE.dir/src/main.c.obj
                                                  CMakeFiles/hello_world_DEVICE.dir/C_/Program_Files/PlaydateSDK/C_API/buildsupport/setup.c.obj
eventHandlerShim                                  CMakeFiles/hello_world_DEVICE.dir/C_/Program_Files/PlaydateSDK/C_API/buildsupport/setup.c.obj
font                                              CMakeFiles/hello_world_DEVICE.dir/src/main.c.obj
fontpath                                          CMakeFiles/hello_world_DEVICE.dir/src/main.c.obj
x                                                 CMakeFiles/hello_world_DEVICE.dir/src/main.c.obj
y                                                 CMakeFiles/hello_world_DEVICE.dir/src/main.c.obj
